<html>
<body>
<pre>
<h1>µVision Build Log</h1>
<h2>Tool Versions:</h2>
IDE-Version: µVision V5.20.0.0
Copyright (C) 2016 ARM Ltd and ARM Germany GmbH. All rights reserved.
License Information: 1 1, 1, LIC=8MZ8T-R0QAU-JM298-3M9AM-DVAY6-YA1QJ
 
Tool Versions:
Toolchain:       MDK-ARM Professional  Version: 5.20
Toolchain Path:  C:\Keil_v520\ARM\ARMCC\Bin
C Compiler:      Armcc.exe V5.06 update 2 (build 183)
Assembler:       Armasm.exe V5.06 update 2 (build 183)
Linker/Locator:  ArmLink.exe V5.06 update 2 (build 183)
Library Manager: ArmAr.exe V5.06 update 2 (build 183)
Hex Converter:   FromElf.exe V5.06 update 2 (build 183)
CPU DLL:         SARMCM3.DLL V5.20
Dialog DLL:      DCM.DLL V1.13.7.0
Target DLL:      Segger\JL2CM3.dll V2.99.20.0
Dialog DLL:      TCM.DLL V1.14.9.0
 
<h2>Project:</h2>
H:\!STM32\Work\Gross\!EFM\EFM32TG210F32_MBUS_control_PC\TG210.uvprojx
Project File Date:  10/17/2016

<h2>Output:</h2>
*** Using Compiler 'V5.06 update 2 (build 183)', folder: 'C:\Keil_v520\ARM\ARMCC\Bin'
Rebuild target 'Target 1'
compiling danfoss.c...
compiling main.c...
compiling em_assert.c...
compiling InitDevice.c...
compiling em_dma.c...
compiling em_emu.c...
compiling em_cmu.c...
compiling em_gpio.c...
compiling em_system.c...
compiling em_leuart.c...
assembling startup_efm32tg.s...
compiling em_timer.c...
compiling em_usart.c...
compiling system_efm32tg.c...
linking...
Program Size: Code=6292 RO-data=244 RW-data=604 ZI-data=1700  
".\Objects\TG210.axf" - 0 Error(s), 0 Warning(s).

<h2>Software Packages used:</h2>

Package Vendor: ARM
                http://www.keil.com/pack/ARM.CMSIS.4.5.0.pack
                ARM::CMSIS:CORE:4.3.0
                CMSIS (Cortex Microcontroller Software Interface Standard)
   * Component: CORE Version: 4.3.0

Package Vendor: Keil
                http://www.keil.com/pack/Keil.EFM32TGxxx_DFP.1.2.0.pack
                Keil::Device:Startup:4.2.1
                Silicon Labs EFM32 Tiny Gecko Series Device Support
   * Component: Startup Version: 4.2.1
   * Component: Framework Version: 4.2.1
   * Component: CMU Version: 4.2.1
   * Component: DMA Version: 4.2.1
   * Component: EMU Version: 4.2.1
   * Component: GPIO Version: 4.2.1
   * Component: LEUART Version: 4.2.1
   * Component: SYSTEM Version: 4.2.1
   * Component: TIMER Version: 4.2.1
   * Component: USART Version: 4.2.1

<h2>Collection of Component include folders:</h2>
  H:\!STM32\Work\Gross\!EFM\EFM32TG210F32_MBUS_control_PC\RTE
  C:\Keil_v520\ARM\PACK\ARM\CMSIS\4.5.0\CMSIS\Include
  C:\Keil_v520\ARM\PACK\Keil\EFM32TGxxx_DFP\1.2.0\Device\EFM32TG\Include
  C:\Keil_v520\ARM\PACK\Keil\EFM32TGxxx_DFP\1.2.0\emlib\inc

<h2>Collection of Component Files used:</h2>

   * Component: ARM::CMSIS:CORE:4.3.0

   * Component: Keil::Device:Startup:4.2.1
      Source file:   Device\EFM32TG\Source\ARM\startup_efm32tg.s
      Source file:   Device\EFM32TG\Source\system_efm32tg.c

   * Component: Keil::Device:emlib:Framework:4.2.1
      Include file:  emlib\inc\em_common.h
      Include file:  emlib\inc\em_chip.h
      Include file:  emlib\inc\em_bus.h
      Include file:  emlib\inc\em_bitband.h
      Include file:  emlib\inc\em_version.h
      Include file:  emlib\inc\em_assert.h
      Source file:   emlib\src\em_assert.c

   * Component: Keil::Device:emlib:CMU:4.2.1
      Include file:  emlib\inc\em_cmu.h
      Source file:   emlib\src\em_cmu.c

   * Component: Keil::Device:emlib:DMA:4.2.1
      Include file:  emlib\inc\em_dma.h
      Source file:   emlib\src\em_dma.c

   * Component: Keil::Device:emlib:EMU:4.2.1
      Include file:  emlib\inc\em_emu.h
      Source file:   emlib\src\em_emu.c

   * Component: Keil::Device:emlib:GPIO:4.2.1
      Include file:  emlib\inc\em_gpio.h
      Source file:   emlib\src\em_gpio.c

   * Component: Keil::Device:emlib:LEUART:4.2.1
      Include file:  emlib\inc\em_leuart.h
      Source file:   emlib\src\em_leuart.c

   * Component: Keil::Device:emlib:SYSTEM:4.2.1
      Include file:  emlib\inc\em_system.h
      Source file:   emlib\src\em_system.c

   * Component: Keil::Device:emlib:TIMER:4.2.1
      Include file:  emlib\inc\em_timer.h
      Source file:   emlib\src\em_timer.c

   * Component: Keil::Device:emlib:USART:4.2.1
      Include file:  emlib\inc\em_usart.h
      Source file:   emlib\src\em_usart.c
Build Time Elapsed:  00:00:05
</pre>
</body>
</html>
