Component: ARM Compiler 5.06 update 2 (build 183) Tool: armlink [4d35b7]

==============================================================================

Section Cross References

    main.o(i.Delay) refers to main.o(.data) for msTicks
    main.o(i.LEUART0_IRQHandler) refers to em_leuart.o(i.LEUART_Rx) for LEUART_Rx
    main.o(i.LEUART0_IRQHandler) refers to main.o(i.LEUART_IntClear) for LEUART_IntClear
    main.o(i.LEUART0_IRQHandler) refers to main.o(i.GPIO_PinOutClear) for GPIO_PinOutClear
    main.o(i.LEUART0_IRQHandler) refers to main.o(i.LEUART_IntEnable) for LEUART_IntEnable
    main.o(i.LEUART0_IRQHandler) refers to main.o(.data) for test_irq_LEUART
    main.o(i.SysTick_Handler) refers to main.o(.data) for msTicks
    main.o(i.USART1_RX_IRQHandler) refers to main.o(i.USART_IntClear) for USART_IntClear
    main.o(i.USART1_RX_IRQHandler) refers to em_usart.o(i.USART_Rx) for USART_Rx
    main.o(i.USART1_RX_IRQHandler) refers to main.o(.data) for test_irq_uart_rx
    main.o(i.USART1_RX_IRQHandler) refers to main.o(.bss) for uart1_RX
    main.o(i.USART1_TX_IRQHandler) refers to main.o(i.USART_IntClear) for USART_IntClear
    main.o(i.USART1_TX_IRQHandler) refers to main.o(i.GPIO_PinOutClear) for GPIO_PinOutClear
    main.o(i.USART1_TX_IRQHandler) refers to main.o(i.USART_IntEnable) for USART_IntEnable
    main.o(i.USART1_TX_IRQHandler) refers to main.o(.data) for test_irq_uart_tx
    main.o(i.main) refers to em_cmu.o(i.CMU_HFRCOBandSet) for CMU_HFRCOBandSet
    main.o(i.main) refers to initdevice.o(i.enter_DefaultMode_from_RESET) for enter_DefaultMode_from_RESET
    main.o(i.main) refers to system_efm32tg.o(i.SystemCoreClockGet) for SystemCoreClockGet
    main.o(i.main) refers to main.o(i.GPIO_PinOutClear) for GPIO_PinOutClear
    main.o(i.main) refers to main.o(i.USART_IntClear) for USART_IntClear
    main.o(i.main) refers to main.o(i.USART_IntEnable) for USART_IntEnable
    main.o(i.main) refers to main.o(i.NVIC_ClearPendingIRQ) for NVIC_ClearPendingIRQ
    main.o(i.main) refers to main.o(i.NVIC_EnableIRQ) for NVIC_EnableIRQ
    main.o(i.main) refers to main.o(i.LEUART_IntClear) for LEUART_IntClear
    main.o(i.main) refers to main.o(i.LEUART_IntEnable) for LEUART_IntEnable
    main.o(i.main) refers to danfoss.o(i.crc16) for crc16
    main.o(i.main) refers to main.o(i.send_char) for send_char
    main.o(i.main) refers to danfoss.o(i.start_danfoss) for start_danfoss
    main.o(i.main) refers to danfoss.o(i.stop_danfoss) for stop_danfoss
    main.o(i.main) refers to danfoss.o(i.set_frq_danfoss) for set_frq_danfoss
    main.o(i.main) refers to danfoss.o(i.test_danfoss) for test_danfoss
    main.o(i.main) refers to system_efm32tg.o(.data) for SystemCoreClock
    main.o(i.main) refers to main.o(.data) for len
    main.o(i.main) refers to main.o(.bss) for data_receive
    main.o(i.send_char) refers to main.o(i.GPIO_PinOutSet) for GPIO_PinOutSet
    main.o(i.send_char) refers to em_usart.o(i.USART_Tx) for USART_Tx
    main.o(i.send_danfoss) refers to main.o(i.GPIO_PinOutSet) for GPIO_PinOutSet
    main.o(i.send_danfoss) refers to em_leuart.o(i.LEUART_Tx) for LEUART_Tx
    danfoss.o(i.crc16) refers to danfoss.o(.data) for auchCRCHi
    danfoss.o(i.read_danfoss) refers to main.o(.data) for counter_from_danfoss
    danfoss.o(i.set_frq_danfoss) refers to danfoss.o(i.crc16) for crc16
    danfoss.o(i.set_frq_danfoss) refers to main.o(i.send_danfoss) for send_danfoss
    danfoss.o(i.set_frq_danfoss) refers to danfoss.o(i.read_danfoss) for read_danfoss
    danfoss.o(i.set_frq_danfoss) refers to danfoss.o(.data) for set_frq_danfoss
    danfoss.o(i.set_frq_danfoss) refers to main.o(.data) for counter_from_danfoss
    danfoss.o(i.start_danfoss) refers to main.o(i.send_danfoss) for send_danfoss
    danfoss.o(i.start_danfoss) refers to danfoss.o(i.read_danfoss) for read_danfoss
    danfoss.o(i.start_danfoss) refers to main.o(.data) for counter_from_danfoss
    danfoss.o(i.stop_danfoss) refers to main.o(i.send_danfoss) for send_danfoss
    danfoss.o(i.stop_danfoss) refers to danfoss.o(i.read_danfoss) for read_danfoss
    danfoss.o(i.stop_danfoss) refers to main.o(.data) for counter_from_danfoss
    danfoss.o(i.test_danfoss) refers to danfoss.o(i.start_danfoss) for start_danfoss
    danfoss.o(i.test_danfoss) refers to main.o(i.Delay) for Delay
    danfoss.o(i.test_danfoss) refers to danfoss.o(i.set_frq_danfoss) for set_frq_danfoss
    danfoss.o(i.test_danfoss) refers to danfoss.o(i.stop_danfoss) for stop_danfoss
    initdevice.o(i.CMU_enter_DefaultMode_from_RESET) refers to em_cmu.o(i.CMU_OscillatorEnable) for CMU_OscillatorEnable
    initdevice.o(i.CMU_enter_DefaultMode_from_RESET) refers to em_cmu.o(i.CMU_ClockSelectSet) for CMU_ClockSelectSet
    initdevice.o(i.CMU_enter_DefaultMode_from_RESET) refers to em_cmu.o(i.CMU_ClockEnable) for CMU_ClockEnable
    initdevice.o(i.LEUART0_enter_DefaultMode_from_RESET) refers to em_leuart.o(i.LEUART_Init) for LEUART_Init
[...]
    em_cmu.o(i.CMU_ClockFreqGet) refers to em_cmu.o(i.lfClkGet) for lfClkGet
    em_cmu.o(i.CMU_ClockFreqGet) refers to em_cmu.o(i.dbgClkGet) for dbgClkGet
    em_cmu.o(i.CMU_ClockFreqGet) refers to em_cmu.o(i.auxClkGet) for auxClkGet
    em_cmu.o(i.CMU_ClockSelectSet) refers to em_cmu.o(i.CMU_OscillatorEnable) for CMU_OscillatorEnable
    em_cmu.o(i.CMU_ClockSelectSet) refers to em_cmu.o(i.flashWaitStateMax) for flashWaitStateMax
    em_cmu.o(i.CMU_ClockSelectSet) refers to em_emu.o(i.EMU_UpdateOscConfig) for EMU_UpdateOscConfig
    em_cmu.o(i.CMU_ClockSelectSet) refers to system_efm32tg.o(i.SystemCoreClockGet) for SystemCoreClockGet
    em_cmu.o(i.CMU_ClockSelectSet) refers to em_cmu.o(i.flashWaitStateControl) for flashWaitStateControl
    em_cmu.o(i.CMU_ClockSelectSet) refers to em_cmu.o(i.BUS_RegBitWrite) for BUS_RegBitWrite
    em_cmu.o(i.CMU_HFRCOBandSet) refers to em_cmu.o(i.CMU_ClockSelectGet) for CMU_ClockSelectGet
    em_cmu.o(i.CMU_HFRCOBandSet) refers to em_cmu.o(i.flashWaitStateMax) for flashWaitStateMax
    em_cmu.o(i.CMU_HFRCOBandSet) refers to system_efm32tg.o(i.SystemCoreClockGet) for SystemCoreClockGet
    em_cmu.o(i.CMU_HFRCOBandSet) refers to em_cmu.o(i.flashWaitStateControl) for flashWaitStateControl
    em_cmu.o(i.CMU_OscillatorEnable) refers to em_cmu.o(i.BUS_RegBitRead) for BUS_RegBitRead
    em_cmu.o(i.CMU_OscillatorEnable) refers to em_emu.o(i.EMU_UpdateOscConfig) for EMU_UpdateOscConfig
    em_cmu.o(i.CMU_PCNTClockExternalSet) refers to em_cmu.o(i.BUS_RegBitWrite) for BUS_RegBitWrite
    em_cmu.o(i.dbgClkGet) refers to em_cmu.o(i.CMU_ClockSelectGet) for CMU_ClockSelectGet
    em_cmu.o(i.dbgClkGet) refers to system_efm32tg.o(i.SystemHFClockGet) for SystemHFClockGet
    em_cmu.o(i.dbgClkGet) refers to em_cmu.o(i.auxClkGet) for auxClkGet
    em_cmu.o(i.flashWaitStateMax) refers to system_efm32tg.o(i.SystemMaxCoreClockGet) for SystemMaxCoreClockGet
    em_cmu.o(i.flashWaitStateMax) refers to em_cmu.o(i.flashWaitStateControl) for flashWaitStateControl
    em_cmu.o(i.lfClkGet) refers to em_cmu.o(i.CMU_ClockSelectGet) for CMU_ClockSelectGet
    em_cmu.o(i.lfClkGet) refers to system_efm32tg.o(i.SystemLFRCOClockGet) for SystemLFRCOClockGet
    em_cmu.o(i.lfClkGet) refers to system_efm32tg.o(i.SystemLFXOClockGet) for SystemLFXOClockGet
    em_cmu.o(i.lfClkGet) refers to system_efm32tg.o(i.SystemCoreClockGet) for SystemCoreClockGet
    em_cmu.o(i.lfClkGet) refers to system_efm32tg.o(i.SystemULFRCOClockGet) for SystemULFRCOClockGet
    em_dma.o(i.DMA_ActivateAuto) refers to em_dma.o(i.DMA_Prepare) for DMA_Prepare
    em_dma.o(i.DMA_ActivateBasic) refers to em_dma.o(i.DMA_Prepare) for DMA_Prepare
    em_dma.o(i.DMA_ActivatePingPong) refers to em_dma.o(i.DMA_Prepare) for DMA_Prepare
    em_dma.o(i.DMA_CfgChannel) refers to em_dma.o(i.BUS_RegBitWrite) for BUS_RegBitWrite
    em_dma.o(i.DMA_Init) refers to em_cmu.o(i.CMU_ClockEnable) for CMU_ClockEnable
    em_dma.o(i.DMA_Init) refers to em_dma.o(i.DMA_Reset) for DMA_Reset
    em_emu.o(i.EMU_EnterEM2) refers to em_emu.o(i.getErrataFixEmuE107En) for getErrataFixEmuE107En
    em_emu.o(i.EMU_EnterEM2) refers to em_emu.o(i.emuRestore) for emuRestore
    em_emu.o(i.EMU_EnterEM2) refers to system_efm32tg.o(i.SystemCoreClockGet) for SystemCoreClockGet
    em_emu.o(i.EMU_EnterEM2) refers to em_emu.o(.data) for cmuStatus
    em_emu.o(i.EMU_EnterEM3) refers to em_emu.o(i.getErrataFixEmuE107En) for getErrataFixEmuE107En
    em_emu.o(i.EMU_EnterEM3) refers to em_emu.o(i.emuRestore) for emuRestore
    em_emu.o(i.EMU_EnterEM3) refers to system_efm32tg.o(i.SystemCoreClockGet) for SystemCoreClockGet
    em_emu.o(i.EMU_EnterEM3) refers to em_emu.o(.data) for cmuStatus
    em_emu.o(i.EMU_UpdateOscConfig) refers to em_emu.o(.data) for cmuStatus
    em_emu.o(i.emuRestore) refers to em_emu.o(.data) for cmuStatus
    em_gpio.o(i.GPIO_IntConfig) refers to em_gpio.o(i.BUS_RegMaskedWrite) for BUS_RegMaskedWrite
    em_gpio.o(i.GPIO_IntConfig) refers to em_gpio.o(i.BUS_RegBitWrite) for BUS_RegBitWrite
    em_gpio.o(i.GPIO_PinModeSet) refers to em_gpio.o(i.GPIO_PinOutSet) for GPIO_PinOutSet
    em_gpio.o(i.GPIO_PinModeSet) refers to em_gpio.o(i.GPIO_PinOutClear) for GPIO_PinOutClear
    em_gpio.o(i.GPIO_PinModeSet) refers to em_gpio.o(i.BUS_RegMaskedWrite) for BUS_RegMaskedWrite
    em_leuart.o(i.LEUART_BaudrateGet) refers to em_cmu.o(i.CMU_ClockFreqGet) for CMU_ClockFreqGet
    em_leuart.o(i.LEUART_BaudrateGet) refers to em_leuart.o(i.LEUART_BaudrateCalc) for LEUART_BaudrateCalc
    em_leuart.o(i.LEUART_BaudrateSet) refers to em_cmu.o(i.CMU_ClockFreqGet) for CMU_ClockFreqGet
    em_leuart.o(i.LEUART_BaudrateSet) refers to em_leuart.o(i.LEUART_Sync) for LEUART_Sync
    em_leuart.o(i.LEUART_Enable) refers to em_leuart.o(i.LEUART_Sync) for LEUART_Sync
    em_leuart.o(i.LEUART_Init) refers to em_leuart.o(i.LEUART_Sync) for LEUART_Sync
    em_leuart.o(i.LEUART_Init) refers to em_leuart.o(i.LEUART_FreezeEnable) for LEUART_FreezeEnable
    em_leuart.o(i.LEUART_Init) refers to em_leuart.o(i.LEUART_BaudrateSet) for LEUART_BaudrateSet
    em_leuart.o(i.LEUART_Reset) refers to em_leuart.o(i.LEUART_FreezeEnable) for LEUART_FreezeEnable
    em_leuart.o(i.LEUART_RxDmaInEM2Enable) refers to em_leuart.o(i.LEUART_Sync) for LEUART_Sync
    em_leuart.o(i.LEUART_Tx) refers to em_leuart.o(i.LEUART_Sync) for LEUART_Sync
    em_leuart.o(i.LEUART_TxDmaInEM2Enable) refers to em_leuart.o(i.LEUART_Sync) for LEUART_Sync
    em_leuart.o(i.LEUART_TxExt) refers to em_leuart.o(i.LEUART_Sync) for LEUART_Sync
    em_usart.o(i.USART_BaudrateAsyncSet) refers to em_cmu.o(i.CMU_ClockFreqGet) for CMU_ClockFreqGet
    em_usart.o(i.USART_BaudrateCalc) refers to lludivv7m.o(.text) for __aeabi_uldivmod
    em_usart.o(i.USART_BaudrateGet) refers to em_cmu.o(i.CMU_ClockFreqGet) for CMU_ClockFreqGet
    em_usart.o(i.USART_BaudrateGet) refers to em_usart.o(i.USART_BaudrateCalc) for USART_BaudrateCalc
    em_usart.o(i.USART_BaudrateSyncSet) refers to em_cmu.o(i.CMU_ClockFreqGet) for CMU_ClockFreqGet
    em_usart.o(i.USART_InitAsync) refers to em_usart.o(i.USART_Reset) for USART_Reset
    em_usart.o(i.USART_InitAsync) refers to em_usart.o(i.USART_BaudrateAsyncSet) for USART_BaudrateAsyncSet
    em_usart.o(i.USART_InitI2s) refers to em_usart.o(i.USART_InitSync) for USART_InitSync
    em_usart.o(i.USART_InitI2s) refers to em_usart.o(i.USART_Enable) for USART_Enable
    em_usart.o(i.USART_InitIrDA) refers to em_usart.o(i.USART_InitAsync) for USART_InitAsync
    em_usart.o(i.USART_InitSync) refers to em_usart.o(i.USART_Reset) for USART_Reset
    em_usart.o(i.USART_InitSync) refers to em_usart.o(i.USART_BaudrateSyncSet) for USART_BaudrateSyncSet
    startup_efm32tg.o(STACK) refers (Special) to heapauxi.o(.text) for __use_two_region_memory
    startup_efm32tg.o(HEAP) refers (Special) to heapauxi.o(.text) for __use_two_region_memory
    startup_efm32tg.o(RESET) refers (Special) to heapauxi.o(.text) for __use_two_region_memory
    startup_efm32tg.o(RESET) refers to startup_efm32tg.o(STACK) for __initial_sp
    startup_efm32tg.o(RESET) refers to startup_efm32tg.o(.text) for Reset_Handler
    startup_efm32tg.o(RESET) refers to main.o(i.SysTick_Handler) for SysTick_Handler
    startup_efm32tg.o(RESET) refers to em_dma.o(i.DMA_IRQHandler) for DMA_IRQHandler
    startup_efm32tg.o(RESET) refers to main.o(i.USART1_RX_IRQHandler) for USART1_RX_IRQHandler
    startup_efm32tg.o(RESET) refers to main.o(i.USART1_TX_IRQHandler) for USART1_TX_IRQHandler
    startup_efm32tg.o(RESET) refers to main.o(i.LEUART0_IRQHandler) for LEUART0_IRQHandler
    startup_efm32tg.o(.text) refers (Special) to heapauxi.o(.text) for __use_two_region_memory
    startup_efm32tg.o(.text) refers to system_efm32tg.o(i.SystemInit) for SystemInit
    startup_efm32tg.o(.text) refers to __main.o(!!!main) for __main
    startup_efm32tg.o(.text) refers to startup_efm32tg.o(HEAP) for Heap_Mem
    startup_efm32tg.o(.text) refers to startup_efm32tg.o(STACK) for Stack_Mem
    system_efm32tg.o(i.SystemCoreClockGet) refers to system_efm32tg.o(i.SystemHFClockGet) for SystemHFClockGet
    system_efm32tg.o(i.SystemCoreClockGet) refers to system_efm32tg.o(.data) for SystemCoreClock
    system_efm32tg.o(i.SystemHFClockGet) refers to system_efm32tg.o(.data) for SystemLFXOClock
    system_efm32tg.o(i.SystemHFXOClockGet) refers to system_efm32tg.o(.data) for SystemHFXOClock
    system_efm32tg.o(i.SystemHFXOClockSet) refers to system_efm32tg.o(i.SystemCoreClockGet) for SystemCoreClockGet
    system_efm32tg.o(i.SystemHFXOClockSet) refers to system_efm32tg.o(.data) for SystemHFXOClock
    system_efm32tg.o(i.SystemLFXOClockGet) refers to system_efm32tg.o(.data) for SystemLFXOClock
    system_efm32tg.o(i.SystemLFXOClockSet) refers to system_efm32tg.o(i.SystemCoreClockGet) for SystemCoreClockGet
    system_efm32tg.o(i.SystemLFXOClockSet) refers to system_efm32tg.o(.data) for SystemLFXOClock
    __main.o(!!!main) refers to __rtentry.o(.ARM.Collect$$rtentry$$00000000) for __rt_entry
    __rtentry.o(.ARM.Collect$$rtentry$$00000000) refers (Special) to __rtentry2.o(.ARM.Collect$$rtentry$$0000000A) for __rt_entry_li
    __rtentry.o(.ARM.Collect$$rtentry$$00000000) refers (Special) to __rtentry2.o(.ARM.Collect$$rtentry$$0000000D) for __rt_entry_main
    __rtentry.o(.ARM.Collect$$rtentry$$00000000) refers (Special) to __rtentry2.o(.ARM.Collect$$rtentry$$0000000C) for __rt_entry_postli_1
    __rtentry.o(.ARM.Collect$$rtentry$$00000000) refers (Special) to __rtentry2.o(.ARM.Collect$$rtentry$$00000009) for __rt_entry_postsh_1
    __rtentry.o(.ARM.Collect$$rtentry$$00000000) refers (Special) to __rtentry2.o(.ARM.Collect$$rtentry$$00000002) for __rt_entry_presh_1
    __rtentry.o(.ARM.Collect$$rtentry$$00000000) refers (Special) to __rtentry4.o(.ARM.Collect$$rtentry$$00000004) for __rt_entry_sh
    aeabi_ldiv0_sigfpe.o(.text) refers to rt_div0.o(.text) for __rt_div0
    __rtentry2.o(.ARM.Collect$$rtentry$$00000008) refers to boardinit2.o(.text) for _platform_post_stackheap_init
    __rtentry2.o(.ARM.Collect$$rtentry$$0000000A) refers to libinit.o(.ARM.Collect$$libinit$$00000000) for __rt_lib_init
    __rtentry2.o(.ARM.Collect$$rtentry$$0000000B) refers to boardinit3.o(.text) for _platform_post_lib_init
    __rtentry2.o(.ARM.Collect$$rtentry$$0000000D) refers to main.o(i.main) for main
    __rtentry2.o(.ARM.Collect$$rtentry$$0000000D) refers to exit.o(.text) for exit
    __rtentry2.o(.ARM.exidx) refers to __rtentry2.o(.ARM.Collect$$rtentry$$00000001) for .ARM.Collect$$rtentry$$00000001
    __rtentry2.o(.ARM.exidx) refers to __rtentry2.o(.ARM.Collect$$rtentry$$00000008) for .ARM.Collect$$rtentry$$00000008
    __rtentry2.o(.ARM.exidx) refers to __rtentry2.o(.ARM.Collect$$rtentry$$0000000A) for .ARM.Collect$$rtentry$$0000000A
    __rtentry2.o(.ARM.exidx) refers to __rtentry2.o(.ARM.Collect$$rtentry$$0000000B) for .ARM.Collect$$rtentry$$0000000B
    __rtentry2.o(.ARM.exidx) refers to __rtentry2.o(.ARM.Collect$$rtentry$$0000000D) for .ARM.Collect$$rtentry$$0000000D
    __rtentry4.o(.ARM.Collect$$rtentry$$00000004) refers to sys_stackheap_outer.o(.text) for __user_setup_stackheap
    __rtentry4.o(.ARM.exidx) refers to __rtentry4.o(.ARM.Collect$$rtentry$$00000004) for .ARM.Collect$$rtentry$$00000004
    rt_div0.o(.text) refers to defsig_fpe_outer.o(.text) for __rt_SIGFPE
    sys_stackheap_outer.o(.text) refers to libspace.o(.text) for __user_perproc_libspace
    sys_stackheap_outer.o(.text) refers to startup_efm32tg.o(.text) for __user_initial_stackheap
    exit.o(.text) refers to rtexit.o(.ARM.Collect$$rtexit$$00000000) for __rt_exit
    defsig_fpe_outer.o(.text) refers to defsig_fpe_inner.o(.text) for __rt_SIGFPE_inner
    defsig_fpe_outer.o(.text) refers to defsig_exit.o(.text) for __sig_exit
    defsig_fpe_formal.o(.text) refers to rt_raise.o(.text) for __rt_raise
    libinit.o(.ARM.Collect$$libinit$$00000000) refers (Special) to libinit2.o(.ARM.Collect$$libinit$$0000002E) for __rt_lib_init_alloca_1
    libinit.o(.ARM.Collect$$libinit$$00000000) refers (Special) to libinit2.o(.ARM.Collect$$libinit$$0000002C) for __rt_lib_init_argv_1
    libinit.o(.ARM.Collect$$libinit$$00000000) refers (Special) to libinit2.o(.ARM.Collect$$libinit$$0000001B) for __rt_lib_init_atexit_1
    libinit.o(.ARM.Collect$$libinit$$00000000) refers (Special) to libinit2.o(.ARM.Collect$$libinit$$00000021) for __rt_lib_init_clock_1
    libinit.o(.ARM.Collect$$libinit$$00000000) refers (Special) to libinit2.o(.ARM.Collect$$libinit$$00000032) for __rt_lib_init_cpp_1
    libinit.o(.ARM.Collect$$libinit$$00000000) refers (Special) to libinit2.o(.ARM.Collect$$libinit$$00000030) for __rt_lib_init_exceptions_1
    libinit.o(.ARM.Collect$$libinit$$00000000) refers (Special) to libinit2.o(.ARM.Collect$$libinit$$00000002) for __rt_lib_init_fp_1
    libinit.o(.ARM.Collect$$libinit$$00000000) refers (Special) to libinit2.o(.ARM.Collect$$libinit$$0000001F) for __rt_lib_init_fp_trap_1
    libinit.o(.ARM.Collect$$libinit$$00000000) refers (Special) to libinit2.o(.ARM.Collect$$libinit$$00000023) for __rt_lib_init_getenv_1
    libinit.o(.ARM.Collect$$libinit$$00000000) refers (Special) to libinit2.o(.ARM.Collect$$libinit$$0000000A) for __rt_lib_init_heap_1
    libinit.o(.ARM.Collect$$libinit$$00000000) refers (Special) to libinit2.o(.ARM.Collect$$libinit$$00000011) for __rt_lib_init_lc_collate_1
    libinit.o(.ARM.Collect$$libinit$$00000000) refers (Special) to libinit2.o(.ARM.Collect$$libinit$$00000013) for __rt_lib_init_lc_ctype_1
    libinit.o(.ARM.Collect$$libinit$$00000000) refers (Special) to libinit2.o(.ARM.Collect$$libinit$$00000015) for __rt_lib_init_lc_monetary_1
    libinit.o(.ARM.Collect$$libinit$$00000000) refers (Special) to libinit2.o(.ARM.Collect$$libinit$$00000017) for __rt_lib_init_lc_numeric_1
    libinit.o(.ARM.Collect$$libinit$$00000000) refers (Special) to libinit2.o(.ARM.Collect$$libinit$$00000019) for __rt_lib_init_lc_time_1
    libinit.o(.ARM.Collect$$libinit$$00000000) refers (Special) to libinit2.o(.ARM.Collect$$libinit$$00000004) for __rt_lib_init_preinit_1
    libinit.o(.ARM.Collect$$libinit$$00000000) refers (Special) to libinit2.o(.ARM.Collect$$libinit$$0000000E) for __rt_lib_init_rand_1
    libinit.o(.ARM.Collect$$libinit$$00000000) refers (Special) to libinit2.o(.ARM.Collect$$libinit$$00000033) for __rt_lib_init_return
    libinit.o(.ARM.Collect$$libinit$$00000000) refers (Special) to libinit2.o(.ARM.Collect$$libinit$$0000001D) for __rt_lib_init_signal_1
    libinit.o(.ARM.Collect$$libinit$$00000000) refers (Special) to libinit2.o(.ARM.Collect$$libinit$$00000025) for __rt_lib_init_stdio_1
    libinit.o(.ARM.Collect$$libinit$$00000000) refers (Special) to libinit2.o(.ARM.Collect$$libinit$$0000000C) for __rt_lib_init_user_alloc_1
    libspace.o(.text) refers to libspace.o(.bss) for __libspace_start
    rtexit.o(.ARM.Collect$$rtexit$$00000000) refers (Special) to rtexit2.o(.ARM.Collect$$rtexit$$00000004) for __rt_exit_exit
    rtexit.o(.ARM.Collect$$rtexit$$00000000) refers (Special) to rtexit2.o(.ARM.Collect$$rtexit$$00000003) for __rt_exit_ls
    rtexit.o(.ARM.Collect$$rtexit$$00000000) refers (Special) to rtexit2.o(.ARM.Collect$$rtexit$$00000002) for __rt_exit_prels_1
    rtexit.o(.ARM.exidx) refers (Special) to rtexit2.o(.ARM.Collect$$rtexit$$00000004) for __rt_exit_exit
    rtexit.o(.ARM.exidx) refers (Special) to rtexit2.o(.ARM.Collect$$rtexit$$00000003) for __rt_exit_ls
    rtexit.o(.ARM.exidx) refers (Special) to rtexit2.o(.ARM.Collect$$rtexit$$00000002) for __rt_exit_prels_1
    rtexit.o(.ARM.exidx) refers to rtexit.o(.ARM.Collect$$rtexit$$00000000) for .ARM.Collect$$rtexit$$00000000
    rt_raise.o(.text) refers to __raise.o(.text) for __raise
    rt_raise.o(.text) refers to sys_exit.o(.text) for _sys_exit
    defsig_exit.o(.text) refers to sys_exit.o(.text) for _sys_exit
    defsig_fpe_inner.o(.text) refers to defsig_general.o(.text) for __default_signal_display
    libinit2.o(.ARM.Collect$$libinit$$00000010) refers to libinit2.o(.ARM.Collect$$libinit$$0000000F) for .ARM.Collect$$libinit$$0000000F
    libinit2.o(.ARM.Collect$$libinit$$00000012) refers to libinit2.o(.ARM.Collect$$libinit$$0000000F) for .ARM.Collect$$libinit$$0000000F
    libinit2.o(.ARM.Collect$$libinit$$00000014) refers to libinit2.o(.ARM.Collect$$libinit$$0000000F) for .ARM.Collect$$libinit$$0000000F
    libinit2.o(.ARM.Collect$$libinit$$00000016) refers to libinit2.o(.ARM.Collect$$libinit$$0000000F) for .ARM.Collect$$libinit$$0000000F
    libinit2.o(.ARM.Collect$$libinit$$00000018) refers to libinit2.o(.ARM.Collect$$libinit$$0000000F) for .ARM.Collect$$libinit$$0000000F
    libinit2.o(.ARM.Collect$$libinit$$00000026) refers to argv_veneer.o(.emb_text) for __ARM_argv_veneer
    libinit2.o(.ARM.Collect$$libinit$$00000027) refers to argv_veneer.o(.emb_text) for __ARM_argv_veneer
    sys_exit.o(.text) refers (Special) to use_no_semi.o(.text) for __I$use$semihosting
    sys_exit.o(.text) refers (Special) to indicate_semi.o(.text) for __semihosting_library_function
    rtexit2.o(.ARM.Collect$$rtexit$$00000003) refers to libshutdown.o(.ARM.Collect$$libshutdown$$00000000) for __rt_lib_shutdown
    rtexit2.o(.ARM.Collect$$rtexit$$00000004) refers to sys_exit.o(.text) for _sys_exit
    rtexit2.o(.ARM.exidx) refers to rtexit2.o(.ARM.Collect$$rtexit$$00000001) for .ARM.Collect$$rtexit$$00000001
    rtexit2.o(.ARM.exidx) refers to rtexit2.o(.ARM.Collect$$rtexit$$00000003) for .ARM.Collect$$rtexit$$00000003
    rtexit2.o(.ARM.exidx) refers to rtexit2.o(.ARM.Collect$$rtexit$$00000004) for .ARM.Collect$$rtexit$$00000004
    __raise.o(.text) refers to defsig.o(CL$$defsig) for __default_signal_handler
    defsig_general.o(.text) refers to sys_wrch.o(.text) for _ttywrch
    argv_veneer.o(.emb_text) refers to no_argv.o(.text) for __ARM_get_argv
    sys_wrch.o(.text) refers (Special) to use_no_semi.o(.text) for __I$use$semihosting
    sys_wrch.o(.text) refers (Special) to indicate_semi.o(.text) for __semihosting_library_function
    defsig.o(CL$$defsig) refers to defsig_fpe_inner.o(.text) for __rt_SIGFPE_inner
    defsig.o(CL$$defsig) refers to defsig_rtmem_inner.o(.text) for __rt_SIGRTMEM_inner
    _get_argv_nomalloc.o(.text) refers (Special) to hrguard.o(.text) for __heap_region$guard
    _get_argv_nomalloc.o(.text) refers to defsig_rtmem_outer.o(.text) for __rt_SIGRTMEM
    _get_argv_nomalloc.o(.text) refers to sys_command.o(.text) for _sys_command_string
    libshutdown.o(.ARM.Collect$$libshutdown$$00000000) refers (Special) to libshutdown2.o(.ARM.Collect$$libshutdown$$00000002) for __rt_lib_shutdown_cpp_1
    libshutdown.o(.ARM.Collect$$libshutdown$$00000000) refers (Special) to libshutdown2.o(.ARM.Collect$$libshutdown$$00000007) for __rt_lib_shutdown_fp_trap_1
    libshutdown.o(.ARM.Collect$$libshutdown$$00000000) refers (Special) to libshutdown2.o(.ARM.Collect$$libshutdown$$0000000F) for __rt_lib_shutdown_heap_1
    libshutdown.o(.ARM.Collect$$libshutdown$$00000000) refers (Special) to libshutdown2.o(.ARM.Collect$$libshutdown$$00000010) for __rt_lib_shutdown_return
    libshutdown.o(.ARM.Collect$$libshutdown$$00000000) refers (Special) to libshutdown2.o(.ARM.Collect$$libshutdown$$0000000A) for __rt_lib_shutdown_signal_1
    libshutdown.o(.ARM.Collect$$libshutdown$$00000000) refers (Special) to libshutdown2.o(.ARM.Collect$$libshutdown$$00000004) for __rt_lib_shutdown_stdio_1
    libshutdown.o(.ARM.Collect$$libshutdown$$00000000) refers (Special) to libshutdown2.o(.ARM.Collect$$libshutdown$$0000000C) for __rt_lib_shutdown_user_alloc_1
    sys_command.o(.text) refers (Special) to use_no_semi.o(.text) for __I$use$semihosting
    sys_command.o(.text) refers (Special) to indicate_semi.o(.text) for __semihosting_library_function
    defsig_abrt_inner.o(.text) refers to defsig_general.o(.text) for __default_signal_display
    defsig_rtred_inner.o(.text) refers to defsig_general.o(.text) for __default_signal_display
    defsig_rtmem_inner.o(.text) refers to defsig_general.o(.text) for __default_signal_display
    defsig_rtmem_outer.o(.text) refers to defsig_rtmem_inner.o(.text) for __rt_SIGRTMEM_inner
    defsig_rtmem_outer.o(.text) refers to defsig_exit.o(.text) for __sig_exit
    defsig_rtmem_formal.o(.text) refers to rt_raise.o(.text) for __rt_raise
    defsig_stak_inner.o(.text) refers to defsig_general.o(.text) for __default_signal_display
    defsig_pvfn_inner.o(.text) refers to defsig_general.o(.text) for __default_signal_display
    defsig_cppl_inner.o(.text) refers to defsig_general.o(.text) for __default_signal_display
    defsig_segv_inner.o(.text) refers to defsig_general.o(.text) for __default_signal_display
    defsig_other.o(.text) refers to defsig_general.o(.text) for __default_signal_display


==============================================================================

Removing Unused input sections from the image.

    Removing main.o(.rev16_text), (4 bytes).
    Removing main.o(.revsh_text), (4 bytes).
    Removing main.o(.rrx_text), (6 bytes).
    Removing main.o(.constdata), (17 bytes).
    Removing danfoss.o(.rev16_text), (4 bytes).
    Removing danfoss.o(.revsh_text), (4 bytes).
    Removing danfoss.o(.rrx_text), (6 bytes).
    Removing initdevice.o(.rev16_text), (4 bytes).
    Removing initdevice.o(.revsh_text), (4 bytes).
    Removing initdevice.o(.rrx_text), (6 bytes).
    Removing initdevice.o(i.ACMP0_enter_DefaultMode_from_RESET), (2 bytes).
    Removing initdevice.o(i.ACMP1_enter_DefaultMode_from_RESET), (2 bytes).
    Removing initdevice.o(i.ADC0_enter_DefaultMode_from_RESET), (2 bytes).
    Removing initdevice.o(i.DAC0_enter_DefaultMode_from_RESET), (2 bytes).
    Removing initdevice.o(i.HFXO_enter_DefaultMode_from_RESET), (2 bytes).
    Removing initdevice.o(i.I2C0_enter_DefaultMode_from_RESET), (2 bytes).
    Removing initdevice.o(i.LETIMER0_enter_DefaultMode_from_RESET), (2 bytes).
    Removing initdevice.o(i.OPAMP0_enter_DefaultMode_from_RESET), (2 bytes).
    Removing initdevice.o(i.OPAMP1_enter_DefaultMode_from_RESET), (2 bytes).
    Removing initdevice.o(i.OPAMP2_enter_DefaultMode_from_RESET), (2 bytes).
    Removing initdevice.o(i.PCNT0_enter_DefaultMode_from_RESET), (2 bytes).
    Removing initdevice.o(i.PRS_enter_DefaultMode_from_RESET), (2 bytes).
    Removing initdevice.o(i.RTC_enter_DefaultMode_from_RESET), (2 bytes).
    Removing initdevice.o(i.TIMER1_enter_DefaultMode_from_RESET), (2 bytes).
    Removing initdevice.o(i.USART0_enter_DefaultMode_from_RESET), (2 bytes).
    Removing initdevice.o(i.VCMP_enter_DefaultMode_from_RESET), (2 bytes).
    Removing initdevice.o(i.WDOG_enter_DefaultMode_from_RESET), (2 bytes).
    Removing em_cmu.o(.rev16_text), (4 bytes).
    Removing em_cmu.o(.revsh_text), (4 bytes).
    Removing em_cmu.o(.rrx_text), (6 bytes).
    Removing em_cmu.o(i.CMU_AUXHFRCOBandGet), (16 bytes).
    Removing em_cmu.o(i.CMU_AUXHFRCOBandSet), (112 bytes).
    Removing em_cmu.o(i.CMU_Calibrate), (104 bytes).
    Removing em_cmu.o(i.CMU_CalibrateConfig), (120 bytes).
    Removing em_cmu.o(i.CMU_CalibrateCountGet), (40 bytes).
    Removing em_cmu.o(i.CMU_ClockDivGet), (204 bytes).
    Removing em_cmu.o(i.CMU_ClockDivSet), (284 bytes).
    Removing em_cmu.o(i.CMU_DivToLog2), (12 bytes).
    Removing em_cmu.o(i.CMU_FreezeEnable), (32 bytes).
    Removing em_cmu.o(i.CMU_HFRCOBandGet), (16 bytes).
    Removing em_cmu.o(i.CMU_HFRCOStartupDelayGet), (16 bytes).
    Removing em_cmu.o(i.CMU_HFRCOStartupDelaySet), (28 bytes).
    Removing em_cmu.o(i.CMU_LCDClkFDIVGet), (4 bytes).
    Removing em_cmu.o(i.CMU_LCDClkFDIVSet), (2 bytes).
    Removing em_cmu.o(i.CMU_Log2ToDiv), (8 bytes).
    Removing em_cmu.o(i.CMU_OscillatorTuningGet), (56 bytes).
    Removing em_cmu.o(i.CMU_OscillatorTuningSet), (80 bytes).
    Removing em_cmu.o(i.CMU_PCNTClockExternalGet), (36 bytes).
    Removing em_cmu.o(i.CMU_PCNTClockExternalSet), (32 bytes).
    Removing em_dma.o(.rev16_text), (4 bytes).
    Removing em_dma.o(.revsh_text), (4 bytes).
    Removing em_dma.o(.rrx_text), (6 bytes).
    Removing em_dma.o(i.BUS_RegBitWrite), (18 bytes).
    Removing em_dma.o(i.DMA_ActivateAuto), (56 bytes).
    Removing em_dma.o(i.DMA_ActivateBasic), (48 bytes).
    Removing em_dma.o(i.DMA_ActivatePingPong), (68 bytes).
    Removing em_dma.o(i.DMA_ActivateScatterGather), (244 bytes).
    Removing em_dma.o(i.DMA_CfgChannel), (100 bytes).
    Removing em_dma.o(i.DMA_CfgDescr), (64 bytes).
    Removing em_dma.o(i.DMA_CfgDescrScatterGather), (116 bytes).
    Removing em_dma.o(i.DMA_ChannelEnable), (28 bytes).
    Removing em_dma.o(i.DMA_ChannelEnabled), (20 bytes).
    Removing em_dma.o(i.DMA_Init), (96 bytes).
    Removing em_dma.o(i.DMA_Prepare), (200 bytes).
    Removing em_dma.o(i.DMA_RefreshPingPong), (180 bytes).
    Removing em_dma.o(i.DMA_Reset), (88 bytes).
    Removing em_emu.o(.rev16_text), (4 bytes).
    Removing em_emu.o(.revsh_text), (4 bytes).
    Removing em_emu.o(.rrx_text), (6 bytes).
    Removing em_emu.o(i.EMU_EM23Init), (32 bytes).
    Removing em_emu.o(i.EMU_EnterEM2), (112 bytes).
    Removing em_emu.o(i.EMU_EnterEM3), (160 bytes).
    Removing em_emu.o(i.EMU_EnterEM4), (60 bytes).
    Removing em_emu.o(i.EMU_MemPwrDown), (2 bytes).
    Removing em_emu.o(i.emuRestore), (268 bytes).
    Removing em_emu.o(i.getErrataFixEmuE107En), (52 bytes).
    Removing em_gpio.o(.rev16_text), (4 bytes).
    Removing em_gpio.o(.revsh_text), (4 bytes).
    Removing em_gpio.o(.rrx_text), (6 bytes).
    Removing em_gpio.o(i.BUS_RegBitWrite), (18 bytes).
    Removing em_gpio.o(i.BUS_RegMaskedWrite), (10 bytes).
    Removing em_gpio.o(i.GPIO_DbgLocationSet), (28 bytes).
    Removing em_gpio.o(i.GPIO_DriveModeSet), (36 bytes).
    Removing em_gpio.o(i.GPIO_EM4EnablePinWakeup), (100 bytes).
    Removing em_gpio.o(i.GPIO_IntConfig), (124 bytes).
    Removing em_gpio.o(i.GPIO_PinModeSet), (148 bytes).
    Removing em_gpio.o(i.GPIO_PinOutClear), (24 bytes).
    Removing em_gpio.o(i.GPIO_PinOutSet), (24 bytes).
    Removing em_leuart.o(.rev16_text), (4 bytes).
    Removing em_leuart.o(.revsh_text), (4 bytes).
    Removing em_leuart.o(.rrx_text), (6 bytes).
    Removing em_leuart.o(i.LEUART_BaudrateCalc), (38 bytes).
    Removing em_leuart.o(i.LEUART_BaudrateGet), (44 bytes).
    Removing em_leuart.o(i.LEUART_Enable), (28 bytes).
    Removing em_leuart.o(i.LEUART_Reset), (50 bytes).
    Removing em_leuart.o(i.LEUART_RxExt), (20 bytes).
    Removing em_leuart.o(i.LEUART_TxExt), (30 bytes).
    Removing em_system.o(.rev16_text), (4 bytes).
    Removing em_system.o(.revsh_text), (4 bytes).
    Removing em_system.o(.rrx_text), (6 bytes).
    Removing em_system.o(i.SYSTEM_ChipRevisionGet), (68 bytes).
    Removing em_system.o(i.SYSTEM_GetCalibrationValue), (44 bytes).
    Removing em_timer.o(.rev16_text), (4 bytes).
    Removing em_timer.o(.revsh_text), (4 bytes).
    Removing em_timer.o(.rrx_text), (6 bytes).
    Removing em_timer.o(i.TIMER_Reset), (72 bytes).
    Removing em_usart.o(.rev16_text), (4 bytes).
    Removing em_usart.o(.revsh_text), (4 bytes).
    Removing em_usart.o(.rrx_text), (6 bytes).
    Removing em_usart.o(i.USART_BaudrateCalc), (180 bytes).
    Removing em_usart.o(i.USART_BaudrateGet), (56 bytes).
    Removing em_usart.o(i.USART_BaudrateSyncSet), (68 bytes).
    Removing em_usart.o(i.USART_Enable), (14 bytes).
    Removing em_usart.o(i.USART_InitI2s), (80 bytes).
    Removing em_usart.o(i.USART_InitIrDA), (72 bytes).
    Removing em_usart.o(i.USART_InitSync), (100 bytes).
    Removing em_usart.o(i.USART_RxDouble), (20 bytes).
    Removing em_usart.o(i.USART_RxDoubleExt), (18 bytes).
    Removing em_usart.o(i.USART_RxExt), (20 bytes).
    Removing em_usart.o(i.USART_SpiTransfer), (34 bytes).
    Removing em_usart.o(i.USART_TxDouble), (16 bytes).
    Removing em_usart.o(i.USART_TxDoubleExt), (16 bytes).
    Removing em_usart.o(i.USART_TxExt), (16 bytes).
    Removing system_efm32tg.o(.rev16_text), (4 bytes).
    Removing system_efm32tg.o(.revsh_text), (4 bytes).
    Removing system_efm32tg.o(.rrx_text), (6 bytes).
    Removing system_efm32tg.o(i.SystemHFXOClockGet), (12 bytes).
    Removing system_efm32tg.o(i.SystemHFXOClockSet), (32 bytes).
    Removing system_efm32tg.o(i.SystemLFXOClockSet), (32 bytes).

129 unused section(s) (total 5125 bytes) removed from the image.

==============================================================================

Image Symbol Table

    Local Symbols

    Symbol Name                              Value     Ov Type        Size  Object(Section)

    RESET                                    0x00000000   Section      156  startup_efm32tg.o(RESET)
    ../clib/angel/boardlib.s                 0x00000000   Number         0  boardinit1.o ABSOLUTE
    ../clib/angel/boardlib.s                 0x00000000   Number         0  boardinit2.o ABSOLUTE
    ../clib/angel/boardlib.s                 0x00000000   Number         0  boardinit3.o ABSOLUTE
    ../clib/angel/boardlib.s                 0x00000000   Number         0  boardshut.o ABSOLUTE
    ../clib/angel/dczerorl2.s                0x00000000   Number         0  __dczerorl2.o ABSOLUTE
    ../clib/angel/handlers.s                 0x00000000   Number         0  __scatter_zi.o ABSOLUTE
    ../clib/angel/kernel.s                   0x00000000   Number         0  rtexit2.o ABSOLUTE
    ../clib/angel/kernel.s                   0x00000000   Number         0  rtexit.o ABSOLUTE
    ../clib/angel/kernel.s                   0x00000000   Number         0  __rtentry4.o ABSOLUTE
    ../clib/angel/kernel.s                   0x00000000   Number         0  __rtentry2.o ABSOLUTE
    ../clib/angel/kernel.s                   0x00000000   Number         0  __rtentry.o ABSOLUTE
    ../clib/angel/rt.s                       0x00000000   Number         0  aeabi_ldiv0_sigfpe.o ABSOLUTE
    ../clib/angel/rt.s                       0x00000000   Number         0  rt_div0.o ABSOLUTE
    ../clib/angel/rt.s                       0x00000000   Number         0  rt_raise.o ABSOLUTE
    ../clib/angel/rt.s                       0x00000000   Number         0  aeabi_ldiv0.o ABSOLUTE
    ../clib/angel/scatter.s                  0x00000000   Number         0  __scatter.o ABSOLUTE
    ../clib/angel/startup.s                  0x00000000   Number         0  __main.o ABSOLUTE
    ../clib/angel/sys.s                      0x00000000   Number         0  sys_stackheap_outer.o ABSOLUTE
    ../clib/angel/sys.s                      0x00000000   Number         0  indicate_semi.o ABSOLUTE
    ../clib/angel/sys.s                      0x00000000   Number         0  libspace.o ABSOLUTE
    ../clib/angel/sys.s                      0x00000000   Number         0  use_no_semi.o ABSOLUTE
    ../clib/angel/sysapp.c                   0x00000000   Number         0  sys_exit.o ABSOLUTE
    ../clib/angel/sysapp.c                   0x00000000   Number         0  sys_wrch.o ABSOLUTE
    ../clib/angel/sysapp.c                   0x00000000   Number         0  sys_command.o ABSOLUTE
    ../clib/armsys.c                         0x00000000   Number         0  no_argv.o ABSOLUTE
    ../clib/armsys.c                         0x00000000   Number         0  _get_argv_nomalloc.o ABSOLUTE
    ../clib/armsys.c                         0x00000000   Number         0  argv_veneer.o ABSOLUTE
    ../clib/armsys.c                         0x00000000   Number         0  argv_veneer.o ABSOLUTE
    ../clib/heapalloc.c                      0x00000000   Number         0  hrguard.o ABSOLUTE
    ../clib/heapaux.c                        0x00000000   Number         0  heapauxi.o ABSOLUTE
    ../clib/libinit.s                        0x00000000   Number         0  libinit2.o ABSOLUTE
    ../clib/libinit.s                        0x00000000   Number         0  libinit.o ABSOLUTE
    ../clib/libinit.s                        0x00000000   Number         0  libshutdown.o ABSOLUTE
    ../clib/libinit.s                        0x00000000   Number         0  libshutdown2.o ABSOLUTE
    ../clib/longlong.s                       0x00000000   Number         0  lludivv7m.o ABSOLUTE
    ../clib/memcpset.s                       0x00000000   Number         0  rt_memcpy_w.o ABSOLUTE
    ../clib/signal.c                         0x00000000   Number         0  defsig_general.o ABSOLUTE
    ../clib/signal.c                         0x00000000   Number         0  defsig_fpe_outer.o ABSOLUTE
    ../clib/signal.c                         0x00000000   Number         0  defsig_fpe_formal.o ABSOLUTE
    ../clib/signal.c                         0x00000000   Number         0  defsig_fpe_inner.o ABSOLUTE
    ../clib/signal.c                         0x00000000   Number         0  defsig_other.o ABSOLUTE
    ../clib/signal.c                         0x00000000   Number         0  defsig_cppl_inner.o ABSOLUTE
    ../clib/signal.c                         0x00000000   Number         0  defsig_stak_inner.o ABSOLUTE
    ../clib/signal.c                         0x00000000   Number         0  defsig_rtmem_formal.o ABSOLUTE
    ../clib/signal.c                         0x00000000   Number         0  defsig_rtmem_outer.o ABSOLUTE
    ../clib/signal.c                         0x00000000   Number         0  defsig_rtmem_inner.o ABSOLUTE
    ../clib/signal.c                         0x00000000   Number         0  defsig_rtred_inner.o ABSOLUTE
    ../clib/signal.c                         0x00000000   Number         0  __raise.o ABSOLUTE
    ../clib/signal.c                         0x00000000   Number         0  defsig_pvfn_inner.o ABSOLUTE
    ../clib/signal.c                         0x00000000   Number         0  defsig_exit.o ABSOLUTE
    ../clib/signal.c                         0x00000000   Number         0  defsig_segv_inner.o ABSOLUTE
    ../clib/signal.c                         0x00000000   Number         0  defsig_abrt_inner.o ABSOLUTE
    ../clib/signal.s                         0x00000000   Number         0  defsig.o ABSOLUTE
    ../clib/stdlib.c                         0x00000000   Number         0  exit.o ABSOLUTE
    ../fplib/fpinit.s                        0x00000000   Number         0  fpinit.o ABSOLUTE
    C:\Keil_v520\ARM\PACK\Keil\EFM32TGxxx_DFP\1.2.0\emlib\src\em_assert.c 0x00000000   Number         0  em_assert.o ABSOLUTE
    C:\Keil_v520\ARM\PACK\Keil\EFM32TGxxx_DFP\1.2.0\emlib\src\em_cmu.c 0x00000000   Number         0  em_cmu.o ABSOLUTE
    C:\Keil_v520\ARM\PACK\Keil\EFM32TGxxx_DFP\1.2.0\emlib\src\em_dma.c 0x00000000   Number         0  em_dma.o ABSOLUTE
    C:\Keil_v520\ARM\PACK\Keil\EFM32TGxxx_DFP\1.2.0\emlib\src\em_emu.c 0x00000000   Number         0  em_emu.o ABSOLUTE
    C:\Keil_v520\ARM\PACK\Keil\EFM32TGxxx_DFP\1.2.0\emlib\src\em_gpio.c 0x00000000   Number         0  em_gpio.o ABSOLUTE
    C:\Keil_v520\ARM\PACK\Keil\EFM32TGxxx_DFP\1.2.0\emlib\src\em_leuart.c 0x00000000   Number         0  em_leuart.o ABSOLUTE
    C:\Keil_v520\ARM\PACK\Keil\EFM32TGxxx_DFP\1.2.0\emlib\src\em_system.c 0x00000000   Number         0  em_system.o ABSOLUTE
    C:\Keil_v520\ARM\PACK\Keil\EFM32TGxxx_DFP\1.2.0\emlib\src\em_timer.c 0x00000000   Number         0  em_timer.o ABSOLUTE
    C:\Keil_v520\ARM\PACK\Keil\EFM32TGxxx_DFP\1.2.0\emlib\src\em_usart.c 0x00000000   Number         0  em_usart.o ABSOLUTE
    C:\\Keil_v520\\ARM\\PACK\\Keil\\EFM32TGxxx_DFP\\1.2.0\\emlib\\src\\em_cmu.c 0x00000000   Number         0  em_cmu.o ABSOLUTE
    C:\\Keil_v520\\ARM\\PACK\\Keil\\EFM32TGxxx_DFP\\1.2.0\\emlib\\src\\em_dma.c 0x00000000   Number         0  em_dma.o ABSOLUTE
    C:\\Keil_v520\\ARM\\PACK\\Keil\\EFM32TGxxx_DFP\\1.2.0\\emlib\\src\\em_emu.c 0x00000000   Number         0  em_emu.o ABSOLUTE
    C:\\Keil_v520\\ARM\\PACK\\Keil\\EFM32TGxxx_DFP\\1.2.0\\emlib\\src\\em_gpio.c 0x00000000   Number         0  em_gpio.o ABSOLUTE
    C:\\Keil_v520\\ARM\\PACK\\Keil\\EFM32TGxxx_DFP\\1.2.0\\emlib\\src\\em_leuart.c 0x00000000   Number         0  em_leuart.o ABSOLUTE
    C:\\Keil_v520\\ARM\\PACK\\Keil\\EFM32TGxxx_DFP\\1.2.0\\emlib\\src\\em_system.c 0x00000000   Number         0  em_system.o ABSOLUTE
    C:\\Keil_v520\\ARM\\PACK\\Keil\\EFM32TGxxx_DFP\\1.2.0\\emlib\\src\\em_timer.c 0x00000000   Number         0  em_timer.o ABSOLUTE
    C:\\Keil_v520\\ARM\\PACK\\Keil\\EFM32TGxxx_DFP\\1.2.0\\emlib\\src\\em_usart.c 0x00000000   Number         0  em_usart.o ABSOLUTE
    Init\InitDevice.c                        0x00000000   Number         0  initdevice.o ABSOLUTE
    Init\\InitDevice.c                       0x00000000   Number         0  initdevice.o ABSOLUTE
    RTE\Device\EFM32TG210F32\startup_efm32tg.s 0x00000000   Number         0  startup_efm32tg.o ABSOLUTE
    RTE\Device\EFM32TG210F32\system_efm32tg.c 0x00000000   Number         0  system_efm32tg.o ABSOLUTE
    RTE\\Device\\EFM32TG210F32\\system_efm32tg.c 0x00000000   Number         0  system_efm32tg.o ABSOLUTE
    danfoss.c                                0x00000000   Number         0  danfoss.o ABSOLUTE
    danfoss.c                                0x00000000   Number         0  danfoss.o ABSOLUTE
    dc.s                                     0x00000000   Number         0  dc.o ABSOLUTE
    main.c                                   0x00000000   Number         0  main.o ABSOLUTE
    main.c                                   0x00000000   Number         0  main.o ABSOLUTE
    !!!main                                  0x0000009c   Section        8  __main.o(!!!main)
    !!!scatter                               0x000000a4   Section       52  __scatter.o(!!!scatter)
    !!dczerorl2                              0x000000d8   Section       90  __dczerorl2.o(!!dczerorl2)
    !!handler_zi                             0x00000134   Section       28  __scatter_zi.o(!!handler_zi)
    .ARM.Collect$$libinit$$00000000          0x00000150   Section        2  libinit.o(.ARM.Collect$$libinit$$00000000)
    .ARM.Collect$$libinit$$00000002          0x00000152   Section        0  libinit2.o(.ARM.Collect$$libinit$$00000002)
    .ARM.Collect$$libinit$$00000004          0x00000152   Section        0  libinit2.o(.ARM.Collect$$libinit$$00000004)
    .ARM.Collect$$libinit$$0000000A          0x00000152   Section        0  libinit2.o(.ARM.Collect$$libinit$$0000000A)
    .ARM.Collect$$libinit$$0000000C          0x00000152   Section        0  libinit2.o(.ARM.Collect$$libinit$$0000000C)
    .ARM.Collect$$libinit$$0000000E          0x00000152   Section        0  libinit2.o(.ARM.Collect$$libinit$$0000000E)
    .ARM.Collect$$libinit$$00000011          0x00000152   Section        0  libinit2.o(.ARM.Collect$$libinit$$00000011)
    .ARM.Collect$$libinit$$00000013          0x00000152   Section        0  libinit2.o(.ARM.Collect$$libinit$$00000013)
    .ARM.Collect$$libinit$$00000015          0x00000152   Section        0  libinit2.o(.ARM.Collect$$libinit$$00000015)
    .ARM.Collect$$libinit$$00000017          0x00000152   Section        0  libinit2.o(.ARM.Collect$$libinit$$00000017)
    .ARM.Collect$$libinit$$00000019          0x00000152   Section        0  libinit2.o(.ARM.Collect$$libinit$$00000019)
    .ARM.Collect$$libinit$$0000001B          0x00000152   Section        0  libinit2.o(.ARM.Collect$$libinit$$0000001B)
    .ARM.Collect$$libinit$$0000001D          0x00000152   Section        0  libinit2.o(.ARM.Collect$$libinit$$0000001D)
    .ARM.Collect$$libinit$$0000001F          0x00000152   Section        0  libinit2.o(.ARM.Collect$$libinit$$0000001F)
    .ARM.Collect$$libinit$$00000021          0x00000152   Section        0  libinit2.o(.ARM.Collect$$libinit$$00000021)
    .ARM.Collect$$libinit$$00000023          0x00000152   Section        0  libinit2.o(.ARM.Collect$$libinit$$00000023)
    .ARM.Collect$$libinit$$00000025          0x00000152   Section        0  libinit2.o(.ARM.Collect$$libinit$$00000025)
    .ARM.Collect$$libinit$$0000002C          0x00000152   Section        0  libinit2.o(.ARM.Collect$$libinit$$0000002C)
    .ARM.Collect$$libinit$$0000002E          0x00000152   Section        0  libinit2.o(.ARM.Collect$$libinit$$0000002E)
    .ARM.Collect$$libinit$$00000030          0x00000152   Section        0  libinit2.o(.ARM.Collect$$libinit$$00000030)
    .ARM.Collect$$libinit$$00000032          0x00000152   Section        0  libinit2.o(.ARM.Collect$$libinit$$00000032)
    .ARM.Collect$$libinit$$00000033          0x00000152   Section        2  libinit2.o(.ARM.Collect$$libinit$$00000033)
    .ARM.Collect$$libshutdown$$00000000      0x00000154   Section        2  libshutdown.o(.ARM.Collect$$libshutdown$$00000000)
    .ARM.Collect$$libshutdown$$00000002      0x00000156   Section        0  libshutdown2.o(.ARM.Collect$$libshutdown$$00000002)
    .ARM.Collect$$libshutdown$$00000004      0x00000156   Section        0  libshutdown2.o(.ARM.Collect$$libshutdown$$00000004)
    .ARM.Collect$$libshutdown$$00000007      0x00000156   Section        0  libshutdown2.o(.ARM.Collect$$libshutdown$$00000007)
    .ARM.Collect$$libshutdown$$0000000A      0x00000156   Section        0  libshutdown2.o(.ARM.Collect$$libshutdown$$0000000A)
    .ARM.Collect$$libshutdown$$0000000C      0x00000156   Section        0  libshutdown2.o(.ARM.Collect$$libshutdown$$0000000C)
    .ARM.Collect$$libshutdown$$0000000F      0x00000156   Section        0  libshutdown2.o(.ARM.Collect$$libshutdown$$0000000F)
    .ARM.Collect$$libshutdown$$00000010      0x00000156   Section        2  libshutdown2.o(.ARM.Collect$$libshutdown$$00000010)
    .ARM.Collect$$rtentry$$00000000          0x00000158   Section        0  __rtentry.o(.ARM.Collect$$rtentry$$00000000)
    .ARM.Collect$$rtentry$$00000002          0x00000158   Section        0  __rtentry2.o(.ARM.Collect$$rtentry$$00000002)
    .ARM.Collect$$rtentry$$00000004          0x00000158   Section        6  __rtentry4.o(.ARM.Collect$$rtentry$$00000004)
    .ARM.Collect$$rtentry$$00000009          0x0000015e   Section        0  __rtentry2.o(.ARM.Collect$$rtentry$$00000009)
    .ARM.Collect$$rtentry$$0000000A          0x0000015e   Section        4  __rtentry2.o(.ARM.Collect$$rtentry$$0000000A)
    .ARM.Collect$$rtentry$$0000000C          0x00000162   Section        0  __rtentry2.o(.ARM.Collect$$rtentry$$0000000C)
    .ARM.Collect$$rtentry$$0000000D          0x00000162   Section        8  __rtentry2.o(.ARM.Collect$$rtentry$$0000000D)
    .ARM.Collect$$rtexit$$00000000           0x0000016a   Section        2  rtexit.o(.ARM.Collect$$rtexit$$00000000)
    .ARM.Collect$$rtexit$$00000002           0x0000016c   Section        0  rtexit2.o(.ARM.Collect$$rtexit$$00000002)
    .ARM.Collect$$rtexit$$00000003           0x0000016c   Section        4  rtexit2.o(.ARM.Collect$$rtexit$$00000003)
    .ARM.Collect$$rtexit$$00000004           0x00000170   Section        6  rtexit2.o(.ARM.Collect$$rtexit$$00000004)
    .text                                    0x00000178   Section       64  startup_efm32tg.o(.text)
    .text                                    0x000001b8   Section      100  rt_memcpy_w.o(.text)
    .text                                    0x0000021c   Section        0  heapauxi.o(.text)
    .text                                    0x00000222   Section       74  sys_stackheap_outer.o(.text)
    .text                                    0x0000026c   Section        0  exit.o(.text)
    .text                                    0x00000280   Section        8  libspace.o(.text)
    .text                                    0x00000288   Section        0  sys_exit.o(.text)
    .text                                    0x00000294   Section        2  use_no_semi.o(.text)
    .text                                    0x00000296   Section        0  indicate_semi.o(.text)
    i.BUS_RegBitRead                         0x00000296   Section        0  em_cmu.o(i.BUS_RegBitRead)
    BUS_RegBitRead                           0x00000297   Thumb Code    20  em_cmu.o(i.BUS_RegBitRead)
    i.BUS_RegBitWrite                        0x000002aa   Section        0  em_cmu.o(i.BUS_RegBitWrite)
    BUS_RegBitWrite                          0x000002ab   Thumb Code    18  em_cmu.o(i.BUS_RegBitWrite)
    i.CMU_ClockEnable                        0x000002bc   Section        0  em_cmu.o(i.CMU_ClockEnable)
    i.CMU_ClockFreqGet                       0x00000334   Section        0  em_cmu.o(i.CMU_ClockFreqGet)
    i.CMU_ClockSelectGet                     0x00000410   Section        0  em_cmu.o(i.CMU_ClockSelectGet)
    i.CMU_ClockSelectSet                     0x000004f0   Section        0  em_cmu.o(i.CMU_ClockSelectSet)
    i.CMU_HFRCOBandSet                       0x00000640   Section        0  em_cmu.o(i.CMU_HFRCOBandSet)
    i.CMU_OscillatorEnable                   0x000006d4   Section        0  em_cmu.o(i.CMU_OscillatorEnable)
    i.CMU_enter_DefaultMode_from_RESET       0x00000750   Section        0  initdevice.o(i.CMU_enter_DefaultMode_from_RESET)
    i.DMA_IRQHandler                         0x000007c8   Section        0  em_dma.o(i.DMA_IRQHandler)
    i.Delay                                  0x0000085c   Section        0  main.o(i.Delay)
    i.EMU_UpdateOscConfig                    0x00000874   Section        0  em_emu.o(i.EMU_UpdateOscConfig)
    i.GPIO_PinOutClear                       0x00000888   Section        0  main.o(i.GPIO_PinOutClear)
    GPIO_PinOutClear                         0x00000889   Thumb Code    20  main.o(i.GPIO_PinOutClear)
    i.GPIO_PinOutSet                         0x000008a0   Section        0  main.o(i.GPIO_PinOutSet)
    GPIO_PinOutSet                           0x000008a1   Thumb Code    20  main.o(i.GPIO_PinOutSet)
    i.LEUART0_IRQHandler                     0x000008b8   Section        0  main.o(i.LEUART0_IRQHandler)
    i.LEUART0_enter_DefaultMode_from_RESET   0x00000950   Section        0  initdevice.o(i.LEUART0_enter_DefaultMode_from_RESET)
    i.LEUART_BaudrateSet                     0x00000998   Section        0  em_leuart.o(i.LEUART_BaudrateSet)
    i.LEUART_FreezeEnable                    0x000009e4   Section        0  em_leuart.o(i.LEUART_FreezeEnable)
    i.LEUART_Init                            0x000009fa   Section        0  em_leuart.o(i.LEUART_Init)
    i.LEUART_IntClear                        0x00000a40   Section        0  main.o(i.LEUART_IntClear)
    LEUART_IntClear                          0x00000a41   Thumb Code     4  main.o(i.LEUART_IntClear)
    i.LEUART_IntEnable                       0x00000a44   Section        0  main.o(i.LEUART_IntEnable)
    LEUART_IntEnable                         0x00000a45   Thumb Code     8  main.o(i.LEUART_IntEnable)
    i.LEUART_Rx                              0x00000a4c   Section        0  em_leuart.o(i.LEUART_Rx)
    i.LEUART_RxDmaInEM2Enable                0x00000a60   Section        0  em_leuart.o(i.LEUART_RxDmaInEM2Enable)
    i.LEUART_Sync                            0x00000a84   Section        0  em_leuart.o(i.LEUART_Sync)
    LEUART_Sync                              0x00000a85   Thumb Code    24  em_leuart.o(i.LEUART_Sync)
    i.LEUART_Tx                              0x00000a9c   Section        0  em_leuart.o(i.LEUART_Tx)
    i.LEUART_TxDmaInEM2Enable                0x00000aba   Section        0  em_leuart.o(i.LEUART_TxDmaInEM2Enable)
    i.LFXO_enter_DefaultMode_from_RESET      0x00000ae0   Section        0  initdevice.o(i.LFXO_enter_DefaultMode_from_RESET)
    i.NVIC_ClearPendingIRQ                   0x00000afc   Section        0  main.o(i.NVIC_ClearPendingIRQ)
    NVIC_ClearPendingIRQ                     0x00000afd   Thumb Code    18  main.o(i.NVIC_ClearPendingIRQ)
    i.NVIC_EnableIRQ                         0x00000b14   Section        0  main.o(i.NVIC_EnableIRQ)
    NVIC_EnableIRQ                           0x00000b15   Thumb Code    22  main.o(i.NVIC_EnableIRQ)
    i.PORTIO_enter_DefaultMode_from_RESET    0x00000b2c   Section        0  initdevice.o(i.PORTIO_enter_DefaultMode_from_RESET)
    i.SysTick_Handler                        0x00000cac   Section        0  main.o(i.SysTick_Handler)
    i.SystemCoreClockGet                     0x00000cd4   Section        0  system_efm32tg.o(i.SystemCoreClockGet)
    i.SystemHFClockGet                       0x00000cf8   Section        0  system_efm32tg.o(i.SystemHFClockGet)
    i.SystemInit                             0x00000dc4   Section        0  system_efm32tg.o(i.SystemInit)
    i.SystemLFRCOClockGet                    0x00000dc6   Section        0  system_efm32tg.o(i.SystemLFRCOClockGet)
    i.SystemLFXOClockGet                     0x00000dcc   Section        0  system_efm32tg.o(i.SystemLFXOClockGet)
    i.SystemMaxCoreClockGet                  0x00000dd8   Section        0  system_efm32tg.o(i.SystemMaxCoreClockGet)
    i.SystemULFRCOClockGet                   0x00000de0   Section        0  system_efm32tg.o(i.SystemULFRCOClockGet)
    i.TIMER0_enter_DefaultMode_from_RESET    0x00000de8   Section        0  initdevice.o(i.TIMER0_enter_DefaultMode_from_RESET)
    i.TIMER_Init                             0x00000f0c   Section        0  em_timer.o(i.TIMER_Init)
    i.TIMER_InitCC                           0x00000f96   Section        0  em_timer.o(i.TIMER_InitCC)
    i.USART1_RX_IRQHandler                   0x00001000   Section        0  main.o(i.USART1_RX_IRQHandler)
    i.USART1_TX_IRQHandler                   0x00001138   Section        0  main.o(i.USART1_TX_IRQHandler)
    i.USART1_enter_DefaultMode_from_RESET    0x0000117c   Section        0  initdevice.o(i.USART1_enter_DefaultMode_from_RESET)
    i.USART_BaudrateAsyncSet                 0x000011e0   Section        0  em_usart.o(i.USART_BaudrateAsyncSet)
    i.USART_InitAsync                        0x00001260   Section        0  em_usart.o(i.USART_InitAsync)
    i.USART_InitPrsTrigger                   0x000012a2   Section        0  em_usart.o(i.USART_InitPrsTrigger)
    i.USART_IntClear                         0x000012ca   Section        0  main.o(i.USART_IntClear)
    USART_IntClear                           0x000012cb   Thumb Code     4  main.o(i.USART_IntClear)
    i.USART_IntEnable                        0x000012ce   Section        0  main.o(i.USART_IntEnable)
    USART_IntEnable                          0x000012cf   Thumb Code     8  main.o(i.USART_IntEnable)
    i.USART_Reset                            0x000012d8   Section        0  em_usart.o(i.USART_Reset)
    i.USART_Rx                               0x0000131c   Section        0  em_usart.o(i.USART_Rx)
    i.USART_Tx                               0x00001330   Section        0  em_usart.o(i.USART_Tx)
    i.auxClkGet                              0x00001340   Section        0  em_cmu.o(i.auxClkGet)
    auxClkGet                                0x00001341   Thumb Code    78  em_cmu.o(i.auxClkGet)
    i.crc16                                  0x000013ac   Section        0  danfoss.o(i.crc16)
    i.dbgClkGet                              0x000013e4   Section        0  em_cmu.o(i.dbgClkGet)
    dbgClkGet                                0x000013e5   Thumb Code    44  em_cmu.o(i.dbgClkGet)
    i.enter_DefaultMode_from_RESET           0x00001414   Section        0  initdevice.o(i.enter_DefaultMode_from_RESET)
    i.flashWaitStateControl                  0x00001430   Section        0  em_cmu.o(i.flashWaitStateControl)
    flashWaitStateControl                    0x00001431   Thumb Code   110  em_cmu.o(i.flashWaitStateControl)
    i.flashWaitStateMax                      0x000014a8   Section        0  em_cmu.o(i.flashWaitStateMax)
    flashWaitStateMax                        0x000014a9   Thumb Code    14  em_cmu.o(i.flashWaitStateMax)
    i.lfClkGet                               0x000014b8   Section        0  em_cmu.o(i.lfClkGet)
    lfClkGet                                 0x000014b9   Thumb Code   174  em_cmu.o(i.lfClkGet)
    i.main                                   0x00001574   Section        0  main.o(i.main)
    i.read_danfoss                           0x0000172c   Section        0  danfoss.o(i.read_danfoss)
    i.send_char                              0x00001738   Section        0  main.o(i.send_char)
    i.send_danfoss                           0x00001774   Section        0  main.o(i.send_danfoss)
    i.set_frq_danfoss                        0x000017a8   Section        0  danfoss.o(i.set_frq_danfoss)
    i.start_danfoss                          0x0000182c   Section        0  danfoss.o(i.start_danfoss)
    i.stop_danfoss                           0x00001870   Section        0  danfoss.o(i.stop_danfoss)
    i.syncReg                                0x000018b4   Section        0  em_cmu.o(i.syncReg)
    syncReg                                  0x000018b5   Thumb Code    28  em_cmu.o(i.syncReg)
    i.test_danfoss                           0x000018d4   Section        0  danfoss.o(i.test_danfoss)
    .constdata                               0x00001930   Section       53  initdevice.o(.constdata)
    .data                                    0x20000000   Section       65  main.o(.data)
    .data                                    0x20000042   Section      520  danfoss.o(.data)
    set_frq_danfoss                          0x20000042   Data           6  danfoss.o(.data)
    crc_danfoss                              0x20000048   Data           2  danfoss.o(.data)
    auchCRCHi                                0x2000004a   Data         256  danfoss.o(.data)
    auchCRCLo                                0x2000014a   Data         256  danfoss.o(.data)
    .data                                    0x2000024c   Section        4  em_emu.o(.data)
    cmuStatus                                0x2000024c   Data           4  em_emu.o(.data)
    .data                                    0x20000250   Section       12  system_efm32tg.o(.data)
    SystemHFXOClock                          0x20000250   Data           4  system_efm32tg.o(.data)
    SystemLFXOClock                          0x20000254   Data           4  system_efm32tg.o(.data)
    .bss                                     0x2000025c   Section       68  main.o(.bss)
    .bss                                     0x200002a0   Section       96  libspace.o(.bss)
    HEAP                                     0x20000300   Section     1024  startup_efm32tg.o(HEAP)
    Heap_Mem                                 0x20000300   Data        1024  startup_efm32tg.o(HEAP)
    STACK                                    0x20000700   Section      512  startup_efm32tg.o(STACK)
    Stack_Mem                                0x20000700   Data         512  startup_efm32tg.o(STACK)
    __initial_sp                             0x20000900   Data           0  startup_efm32tg.o(STACK)

    Global Symbols

    Symbol Name                              Value     Ov Type        Size  Object(Section)

    BuildAttributes$$THM_ISAv4$P$D$K$B$S$PE$A:L22UL41UL21$X:L11$S22US41US21$IEEE1$IW$USESV6$~STKCKD$USESV7$~SHL$OSPACE$ROPI$EBA8$UX$STANDARDLIB$REQ8$PRES8$EABIv2 0x00000000   Number         0  anon$$obj.o ABSOLUTE
    __ARM_use_no_argv                        0x00000000   Number         0  main.o ABSOLUTE
    __Vectors                                0x00000000   Data           4  startup_efm32tg.o(RESET)
    __ARM_exceptions_init                     - Undefined Weak Reference
    __alloca_initialize                       - Undefined Weak Reference
    __arm_preinit_                            - Undefined Weak Reference
    __cpp_initialize__aeabi_                  - Undefined Weak Reference
    __cxa_finalize                            - Undefined Weak Reference
    __rt_locale                               - Undefined Weak Reference
    __sigvec_lookup                           - Undefined Weak Reference
    _atexit_init                              - Undefined Weak Reference
    _call_atexit_fns                          - Undefined Weak Reference
    _clock_init                               - Undefined Weak Reference
    _fp_trap_init                             - Undefined Weak Reference
    _fp_trap_shutdown                         - Undefined Weak Reference
    _get_lc_collate                           - Undefined Weak Reference
    _get_lc_ctype                             - Undefined Weak Reference
    _get_lc_monetary                          - Undefined Weak Reference
    _get_lc_numeric                           - Undefined Weak Reference
    _get_lc_time                              - Undefined Weak Reference
    _getenv_init                              - Undefined Weak Reference
    _handle_redirection                       - Undefined Weak Reference
    _init_alloc                               - Undefined Weak Reference
    _init_user_alloc                          - Undefined Weak Reference
    _initio                                   - Undefined Weak Reference
    _rand_init                                - Undefined Weak Reference
    _signal_finish                            - Undefined Weak Reference
    _signal_init                              - Undefined Weak Reference
    _terminate_alloc                          - Undefined Weak Reference
    _terminate_user_alloc                     - Undefined Weak Reference
    _terminateio                              - Undefined Weak Reference
    __Vectors_End                            0x0000009c   Data           0  startup_efm32tg.o(RESET)
    __Vectors_Size                           0x0000009c   Number         0  startup_efm32tg.o ABSOLUTE
    __main                                   0x0000009d   Thumb Code     8  __main.o(!!!main)
    __scatterload                            0x000000a5   Thumb Code     0  __scatter.o(!!!scatter)
    __scatterload_rt2                        0x000000a5   Thumb Code    44  __scatter.o(!!!scatter)
    __scatterload_rt2_thumb_only             0x000000a5   Thumb Code     0  __scatter.o(!!!scatter)
    __scatterload_null                       0x000000b3   Thumb Code     0  __scatter.o(!!!scatter)
    __decompress                             0x000000d9   Thumb Code    90  __dczerorl2.o(!!dczerorl2)
    __decompress1                            0x000000d9   Thumb Code     0  __dczerorl2.o(!!dczerorl2)
    __scatterload_zeroinit                   0x00000135   Thumb Code    28  __scatter_zi.o(!!handler_zi)
    __rt_lib_init                            0x00000151   Thumb Code     0  libinit.o(.ARM.Collect$$libinit$$00000000)
    __rt_lib_init_alloca_1                   0x00000153   Thumb Code     0  libinit2.o(.ARM.Collect$$libinit$$0000002E)
    __rt_lib_init_argv_1                     0x00000153   Thumb Code     0  libinit2.o(.ARM.Collect$$libinit$$0000002C)
    __rt_lib_init_atexit_1                   0x00000153   Thumb Code     0  libinit2.o(.ARM.Collect$$libinit$$0000001B)
    __rt_lib_init_clock_1                    0x00000153   Thumb Code     0  libinit2.o(.ARM.Collect$$libinit$$00000021)
    __rt_lib_init_cpp_1                      0x00000153   Thumb Code     0  libinit2.o(.ARM.Collect$$libinit$$00000032)
    __rt_lib_init_exceptions_1               0x00000153   Thumb Code     0  libinit2.o(.ARM.Collect$$libinit$$00000030)
    __rt_lib_init_fp_1                       0x00000153   Thumb Code     0  libinit2.o(.ARM.Collect$$libinit$$00000002)
    __rt_lib_init_fp_trap_1                  0x00000153   Thumb Code     0  libinit2.o(.ARM.Collect$$libinit$$0000001F)
    __rt_lib_init_getenv_1                   0x00000153   Thumb Code     0  libinit2.o(.ARM.Collect$$libinit$$00000023)
    __rt_lib_init_heap_1                     0x00000153   Thumb Code     0  libinit2.o(.ARM.Collect$$libinit$$0000000A)
    __rt_lib_init_lc_collate_1               0x00000153   Thumb Code     0  libinit2.o(.ARM.Collect$$libinit$$00000011)
    __rt_lib_init_lc_ctype_1                 0x00000153   Thumb Code     0  libinit2.o(.ARM.Collect$$libinit$$00000013)
    __rt_lib_init_lc_monetary_1              0x00000153   Thumb Code     0  libinit2.o(.ARM.Collect$$libinit$$00000015)
    __rt_lib_init_lc_numeric_1               0x00000153   Thumb Code     0  libinit2.o(.ARM.Collect$$libinit$$00000017)
    __rt_lib_init_lc_time_1                  0x00000153   Thumb Code     0  libinit2.o(.ARM.Collect$$libinit$$00000019)
    __rt_lib_init_preinit_1                  0x00000153   Thumb Code     0  libinit2.o(.ARM.Collect$$libinit$$00000004)
    __rt_lib_init_rand_1                     0x00000153   Thumb Code     0  libinit2.o(.ARM.Collect$$libinit$$0000000E)
    __rt_lib_init_return                     0x00000153   Thumb Code     0  libinit2.o(.ARM.Collect$$libinit$$00000033)
    __rt_lib_init_signal_1                   0x00000153   Thumb Code     0  libinit2.o(.ARM.Collect$$libinit$$0000001D)
    __rt_lib_init_stdio_1                    0x00000153   Thumb Code     0  libinit2.o(.ARM.Collect$$libinit$$00000025)
    __rt_lib_init_user_alloc_1               0x00000153   Thumb Code     0  libinit2.o(.ARM.Collect$$libinit$$0000000C)
    __rt_lib_shutdown                        0x00000155   Thumb Code     0  libshutdown.o(.ARM.Collect$$libshutdown$$00000000)
    __rt_lib_shutdown_cpp_1                  0x00000157   Thumb Code     0  libshutdown2.o(.ARM.Collect$$libshutdown$$00000002)
    __rt_lib_shutdown_fp_trap_1              0x00000157   Thumb Code     0  libshutdown2.o(.ARM.Collect$$libshutdown$$00000007)
    __rt_lib_shutdown_heap_1                 0x00000157   Thumb Code     0  libshutdown2.o(.ARM.Collect$$libshutdown$$0000000F)
    __rt_lib_shutdown_return                 0x00000157   Thumb Code     0  libshutdown2.o(.ARM.Collect$$libshutdown$$00000010)
    __rt_lib_shutdown_signal_1               0x00000157   Thumb Code     0  libshutdown2.o(.ARM.Collect$$libshutdown$$0000000A)
    __rt_lib_shutdown_stdio_1                0x00000157   Thumb Code     0  libshutdown2.o(.ARM.Collect$$libshutdown$$00000004)
    __rt_lib_shutdown_user_alloc_1           0x00000157   Thumb Code     0  libshutdown2.o(.ARM.Collect$$libshutdown$$0000000C)
    __rt_entry                               0x00000159   Thumb Code     0  __rtentry.o(.ARM.Collect$$rtentry$$00000000)
    __rt_entry_presh_1                       0x00000159   Thumb Code     0  __rtentry2.o(.ARM.Collect$$rtentry$$00000002)
    __rt_entry_sh                            0x00000159   Thumb Code     0  __rtentry4.o(.ARM.Collect$$rtentry$$00000004)
    __rt_entry_li                            0x0000015f   Thumb Code     0  __rtentry2.o(.ARM.Collect$$rtentry$$0000000A)
    __rt_entry_postsh_1                      0x0000015f   Thumb Code     0  __rtentry2.o(.ARM.Collect$$rtentry$$00000009)
    __rt_entry_main                          0x00000163   Thumb Code     0  __rtentry2.o(.ARM.Collect$$rtentry$$0000000D)
    __rt_entry_postli_1                      0x00000163   Thumb Code     0  __rtentry2.o(.ARM.Collect$$rtentry$$0000000C)
    __rt_exit                                0x0000016b   Thumb Code     0  rtexit.o(.ARM.Collect$$rtexit$$00000000)
    __rt_exit_ls                             0x0000016d   Thumb Code     0  rtexit2.o(.ARM.Collect$$rtexit$$00000003)
    __rt_exit_prels_1                        0x0000016d   Thumb Code     0  rtexit2.o(.ARM.Collect$$rtexit$$00000002)
    __rt_exit_exit                           0x00000171   Thumb Code     0  rtexit2.o(.ARM.Collect$$rtexit$$00000004)
    Reset_Handler                            0x00000179   Thumb Code     8  startup_efm32tg.o(.text)
    NMI_Handler                              0x00000181   Thumb Code     2  startup_efm32tg.o(.text)
    HardFault_Handler                        0x00000183   Thumb Code     2  startup_efm32tg.o(.text)
    MemManage_Handler                        0x00000185   Thumb Code     2  startup_efm32tg.o(.text)
    BusFault_Handler                         0x00000187   Thumb Code     2  startup_efm32tg.o(.text)
    UsageFault_Handler                       0x00000189   Thumb Code     2  startup_efm32tg.o(.text)
    SVC_Handler                              0x0000018b   Thumb Code     2  startup_efm32tg.o(.text)
    DebugMon_Handler                         0x0000018d   Thumb Code     2  startup_efm32tg.o(.text)
    PendSV_Handler                           0x0000018f   Thumb Code     2  startup_efm32tg.o(.text)
    ACMP0_IRQHandler                         0x00000193   Thumb Code     0  startup_efm32tg.o(.text)
    ADC0_IRQHandler                          0x00000193   Thumb Code     0  startup_efm32tg.o(.text)
    AES_IRQHandler                           0x00000193   Thumb Code     0  startup_efm32tg.o(.text)
    CMU_IRQHandler                           0x00000193   Thumb Code     0  startup_efm32tg.o(.text)
    DAC0_IRQHandler                          0x00000193   Thumb Code     0  startup_efm32tg.o(.text)
    GPIO_EVEN_IRQHandler                     0x00000193   Thumb Code     0  startup_efm32tg.o(.text)
    GPIO_ODD_IRQHandler                      0x00000193   Thumb Code     0  startup_efm32tg.o(.text)
    I2C0_IRQHandler                          0x00000193   Thumb Code     0  startup_efm32tg.o(.text)
    LCD_IRQHandler                           0x00000193   Thumb Code     0  startup_efm32tg.o(.text)
    LESENSE_IRQHandler                       0x00000193   Thumb Code     0  startup_efm32tg.o(.text)
    LETIMER0_IRQHandler                      0x00000193   Thumb Code     0  startup_efm32tg.o(.text)
    MSC_IRQHandler                           0x00000193   Thumb Code     0  startup_efm32tg.o(.text)
    PCNT0_IRQHandler                         0x00000193   Thumb Code     0  startup_efm32tg.o(.text)
    RTC_IRQHandler                           0x00000193   Thumb Code     0  startup_efm32tg.o(.text)
    TIMER0_IRQHandler                        0x00000193   Thumb Code     0  startup_efm32tg.o(.text)
    TIMER1_IRQHandler                        0x00000193   Thumb Code     0  startup_efm32tg.o(.text)
    USART0_RX_IRQHandler                     0x00000193   Thumb Code     0  startup_efm32tg.o(.text)
    USART0_TX_IRQHandler                     0x00000193   Thumb Code     0  startup_efm32tg.o(.text)
    VCMP_IRQHandler                          0x00000193   Thumb Code     0  startup_efm32tg.o(.text)
    __user_initial_stackheap                 0x00000195   Thumb Code    10  startup_efm32tg.o(.text)
    __aeabi_memcpy4                          0x000001b9   Thumb Code     0  rt_memcpy_w.o(.text)
    __aeabi_memcpy8                          0x000001b9   Thumb Code     0  rt_memcpy_w.o(.text)
    __rt_memcpy_w                            0x000001b9   Thumb Code   100  rt_memcpy_w.o(.text)
    _memcpy_lastbytes_aligned                0x00000201   Thumb Code     0  rt_memcpy_w.o(.text)
    __use_two_region_memory                  0x0000021d   Thumb Code     2  heapauxi.o(.text)
    __rt_heap_escrow$2region                 0x0000021f   Thumb Code     2  heapauxi.o(.text)
    __rt_heap_expand$2region                 0x00000221   Thumb Code     2  heapauxi.o(.text)
    __user_setup_stackheap                   0x00000223   Thumb Code    74  sys_stackheap_outer.o(.text)
    exit                                     0x0000026d   Thumb Code    18  exit.o(.text)
    __user_libspace                          0x00000281   Thumb Code     8  libspace.o(.text)
    __user_perproc_libspace                  0x00000281   Thumb Code     0  libspace.o(.text)
    __user_perthread_libspace                0x00000281   Thumb Code     0  libspace.o(.text)
    _sys_exit                                0x00000289   Thumb Code     8  sys_exit.o(.text)
    __I$use$semihosting                      0x00000295   Thumb Code     0  use_no_semi.o(.text)
    __use_no_semihosting_swi                 0x00000295   Thumb Code     2  use_no_semi.o(.text)
    __semihosting_library_function           0x00000297   Thumb Code     0  indicate_semi.o(.text)
    CMU_ClockEnable                          0x000002bd   Thumb Code   114  em_cmu.o(i.CMU_ClockEnable)
    CMU_ClockFreqGet                         0x00000335   Thumb Code   208  em_cmu.o(i.CMU_ClockFreqGet)
    CMU_ClockSelectGet                       0x00000411   Thumb Code   220  em_cmu.o(i.CMU_ClockSelectGet)
    CMU_ClockSelectSet                       0x000004f1   Thumb Code   322  em_cmu.o(i.CMU_ClockSelectSet)
    CMU_HFRCOBandSet                         0x00000641   Thumb Code   138  em_cmu.o(i.CMU_HFRCOBandSet)
    CMU_OscillatorEnable                     0x000006d5   Thumb Code   120  em_cmu.o(i.CMU_OscillatorEnable)
    CMU_enter_DefaultMode_from_RESET         0x00000751   Thumb Code    86  initdevice.o(i.CMU_enter_DefaultMode_from_RESET)
    DMA_IRQHandler                           0x000007c9   Thumb Code   140  em_dma.o(i.DMA_IRQHandler)
    Delay                                    0x0000085d   Thumb Code    20  main.o(i.Delay)
    EMU_UpdateOscConfig                      0x00000875   Thumb Code    10  em_emu.o(i.EMU_UpdateOscConfig)
    LEUART0_IRQHandler                       0x000008b9   Thumb Code   134  main.o(i.LEUART0_IRQHandler)
    LEUART0_enter_DefaultMode_from_RESET     0x00000951   Thumb Code    62  initdevice.o(i.LEUART0_enter_DefaultMode_from_RESET)
    LEUART_BaudrateSet                       0x00000999   Thumb Code    66  em_leuart.o(i.LEUART_BaudrateSet)
    LEUART_FreezeEnable                      0x000009e5   Thumb Code    22  em_leuart.o(i.LEUART_FreezeEnable)
    LEUART_Init                              0x000009fb   Thumb Code    70  em_leuart.o(i.LEUART_Init)
    LEUART_Rx                                0x00000a4d   Thumb Code    20  em_leuart.o(i.LEUART_Rx)
    LEUART_RxDmaInEM2Enable                  0x00000a61   Thumb Code    36  em_leuart.o(i.LEUART_RxDmaInEM2Enable)
    LEUART_Tx                                0x00000a9d   Thumb Code    30  em_leuart.o(i.LEUART_Tx)
    LEUART_TxDmaInEM2Enable                  0x00000abb   Thumb Code    36  em_leuart.o(i.LEUART_TxDmaInEM2Enable)
    LFXO_enter_DefaultMode_from_RESET        0x00000ae1   Thumb Code    24  initdevice.o(i.LFXO_enter_DefaultMode_from_RESET)
    PORTIO_enter_DefaultMode_from_RESET      0x00000b2d   Thumb Code   364  initdevice.o(i.PORTIO_enter_DefaultMode_from_RESET)
    SysTick_Handler                          0x00000cad   Thumb Code    32  main.o(i.SysTick_Handler)
    SystemCoreClockGet                       0x00000cd5   Thumb Code    26  system_efm32tg.o(i.SystemCoreClockGet)
    SystemHFClockGet                         0x00000cf9   Thumb Code   156  system_efm32tg.o(i.SystemHFClockGet)
    SystemInit                               0x00000dc5   Thumb Code     2  system_efm32tg.o(i.SystemInit)
    SystemLFRCOClockGet                      0x00000dc7   Thumb Code     6  system_efm32tg.o(i.SystemLFRCOClockGet)
    SystemLFXOClockGet                       0x00000dcd   Thumb Code     6  system_efm32tg.o(i.SystemLFXOClockGet)
    SystemMaxCoreClockGet                    0x00000dd9   Thumb Code     4  system_efm32tg.o(i.SystemMaxCoreClockGet)
    SystemULFRCOClockGet                     0x00000de1   Thumb Code     6  system_efm32tg.o(i.SystemULFRCOClockGet)
    TIMER0_enter_DefaultMode_from_RESET      0x00000de9   Thumb Code   282  initdevice.o(i.TIMER0_enter_DefaultMode_from_RESET)
    TIMER_Init                               0x00000f0d   Thumb Code   138  em_timer.o(i.TIMER_Init)
    TIMER_InitCC                             0x00000f97   Thumb Code   104  em_timer.o(i.TIMER_InitCC)
    USART1_RX_IRQHandler                     0x00001001   Thumb Code   256  main.o(i.USART1_RX_IRQHandler)
    USART1_TX_IRQHandler                     0x00001139   Thumb Code    58  main.o(i.USART1_TX_IRQHandler)
    USART1_enter_DefaultMode_from_RESET      0x0000117d   Thumb Code    90  initdevice.o(i.USART1_enter_DefaultMode_from_RESET)
    USART_BaudrateAsyncSet                   0x000011e1   Thumb Code   118  em_usart.o(i.USART_BaudrateAsyncSet)
    USART_InitAsync                          0x00001261   Thumb Code    66  em_usart.o(i.USART_InitAsync)
    USART_InitPrsTrigger                     0x000012a3   Thumb Code    40  em_usart.o(i.USART_InitPrsTrigger)
    USART_Reset                              0x000012d9   Thumb Code    60  em_usart.o(i.USART_Reset)
    USART_Rx                                 0x0000131d   Thumb Code    20  em_usart.o(i.USART_Rx)
    USART_Tx                                 0x00001331   Thumb Code    16  em_usart.o(i.USART_Tx)
    crc16                                    0x000013ad   Thumb Code    46  danfoss.o(i.crc16)
    enter_DefaultMode_from_RESET             0x00001415   Thumb Code    28  initdevice.o(i.enter_DefaultMode_from_RESET)
    main                                     0x00001575   Thumb Code   398  main.o(i.main)
    read_danfoss                             0x0000172d   Thumb Code     8  danfoss.o(i.read_danfoss)
    send_char                                0x00001739   Thumb Code    54  main.o(i.send_char)
    send_danfoss                             0x00001775   Thumb Code    46  main.o(i.send_danfoss)
    set_frq_danfoss                          0x000017a9   Thumb Code   118  danfoss.o(i.set_frq_danfoss)
    start_danfoss                            0x0000182d   Thumb Code    62  danfoss.o(i.start_danfoss)
    stop_danfoss                             0x00001871   Thumb Code    62  danfoss.o(i.stop_danfoss)
    test_danfoss                             0x000018d5   Thumb Code    90  danfoss.o(i.test_danfoss)
    Region$$Table$$Base                      0x00001968   Number         0  anon$$obj.o(Region$$Table)
    Region$$Table$$Limit                     0x00001988   Number         0  anon$$obj.o(Region$$Table)
    in_byte                                  0x20000000   Data           1  main.o(.data)
    in_rel                                   0x20000001   Data           3  main.o(.data)
    in_fr                                    0x20000004   Data           4  main.o(.data)
    temp0                                    0x20000008   Data           1  main.o(.data)
    temp1                                    0x20000009   Data           1  main.o(.data)
    temp2                                    0x2000000a   Data           1  main.o(.data)
    temp3                                    0x2000000b   Data           1  main.o(.data)
    test_irq                                 0x2000000c   Data           1  main.o(.data)
    test_irq_uart_rx                         0x2000000d   Data           1  main.o(.data)
    test_irq_uart_tx                         0x2000000e   Data           1  main.o(.data)
    test_irq_LEUART                          0x2000000f   Data           1  main.o(.data)
    receive                                  0x20000010   Data           8  main.o(.data)
    data                                     0x20000018   Data           6  main.o(.data)
    len                                      0x2000001e   Data           2  main.o(.data)
    crcsum                                   0x20000020   Data           2  main.o(.data)
    rx_char                                  0x20000022   Data           1  main.o(.data)
    freq                                     0x20000024   Data           2  main.o(.data)
    msTicks                                  0x20000028   Data           4  main.o(.data)
    clock_1s                                 0x2000002c   Data           1  main.o(.data)
    cmd_receive                              0x2000002d   Data           1  main.o(.data)
    crc_calc                                 0x2000002e   Data           1  main.o(.data)
    crc_data                                 0x2000002f   Data           1  main.o(.data)
    len_l_receive                            0x20000030   Data           1  main.o(.data)
    len_h_receive                            0x20000031   Data           1  main.o(.data)
    crc_receive                              0x20000032   Data           1  main.o(.data)
    stop_receive                             0x20000033   Data           1  main.o(.data)
    data_len                                 0x20000034   Data           2  main.o(.data)
    len_packet                               0x20000036   Data           2  main.o(.data)
    test_crc                                 0x20000038   Data           6  main.o(.data)
    calc_test_crc                            0x2000003e   Data           2  main.o(.data)
    counter_from_danfoss                     0x20000040   Data           1  main.o(.data)
    SystemCoreClock                          0x20000258   Data           4  system_efm32tg.o(.data)
    uart1_TX                                 0x2000025c   Data          16  main.o(.bss)
    uart1_RX                                 0x2000026c   Data          16  main.o(.bss)
    uart_test_RX                             0x2000027c   Data          16  main.o(.bss)
    data_receive                             0x2000028c   Data          20  main.o(.bss)
    __libspace_start                         0x200002a0   Data          96  libspace.o(.bss)
    __temporary_stack_top$libspace           0x20000300   Data           0  libspace.o(.bss)



==============================================================================

Memory Map of the image

  Image Entry point : 0x0000009d

  Load Region LR_IROM1 (Base: 0x00000000, Size: 0x00001be4, Max: 0x00008000, ABSOLUTE, COMPRESSED[0x00001ac4])

    Execution Region ER_IROM1 (Base: 0x00000000, Size: 0x00001988, Max: 0x00008000, ABSOLUTE)

    Base Addr    Size         Type   Attr      Idx    E Section Name        Object

    0x00000000   0x0000009c   Data   RO         1329    RESET               startup_efm32tg.o
    0x0000009c   0x00000008   Code   RO         1426  * !!!main             c_w.l(__main.o)
    0x000000a4   0x00000034   Code   RO         1595    !!!scatter          c_w.l(__scatter.o)
    0x000000d8   0x0000005a   Code   RO         1593    !!dczerorl2         c_w.l(__dczerorl2.o)
    0x00000132   0x00000002   PAD
    0x00000134   0x0000001c   Code   RO         1597    !!handler_zi        c_w.l(__scatter_zi.o)
    0x00000150   0x00000002   Code   RO         1463    .ARM.Collect$$libinit$$00000000  c_w.l(libinit.o)
    0x00000152   0x00000000   Code   RO         1476    .ARM.Collect$$libinit$$00000002  c_w.l(libinit2.o)
    0x00000152   0x00000000   Code   RO         1478    .ARM.Collect$$libinit$$00000004  c_w.l(libinit2.o)
    0x00000152   0x00000000   Code   RO         1481    .ARM.Collect$$libinit$$0000000A  c_w.l(libinit2.o)
    0x00000152   0x00000000   Code   RO         1483    .ARM.Collect$$libinit$$0000000C  c_w.l(libinit2.o)
    0x00000152   0x00000000   Code   RO         1485    .ARM.Collect$$libinit$$0000000E  c_w.l(libinit2.o)
    0x00000152   0x00000000   Code   RO         1488    .ARM.Collect$$libinit$$00000011  c_w.l(libinit2.o)
    0x00000152   0x00000000   Code   RO         1490    .ARM.Collect$$libinit$$00000013  c_w.l(libinit2.o)
    0x00000152   0x00000000   Code   RO         1492    .ARM.Collect$$libinit$$00000015  c_w.l(libinit2.o)
    0x00000152   0x00000000   Code   RO         1494    .ARM.Collect$$libinit$$00000017  c_w.l(libinit2.o)
    0x00000152   0x00000000   Code   RO         1496    .ARM.Collect$$libinit$$00000019  c_w.l(libinit2.o)
    0x00000152   0x00000000   Code   RO         1498    .ARM.Collect$$libinit$$0000001B  c_w.l(libinit2.o)
    0x00000152   0x00000000   Code   RO         1500    .ARM.Collect$$libinit$$0000001D  c_w.l(libinit2.o)
    0x00000152   0x00000000   Code   RO         1502    .ARM.Collect$$libinit$$0000001F  c_w.l(libinit2.o)
    0x00000152   0x00000000   Code   RO         1504    .ARM.Collect$$libinit$$00000021  c_w.l(libinit2.o)
    0x00000152   0x00000000   Code   RO         1506    .ARM.Collect$$libinit$$00000023  c_w.l(libinit2.o)
    0x00000152   0x00000000   Code   RO         1508    .ARM.Collect$$libinit$$00000025  c_w.l(libinit2.o)
    0x00000152   0x00000000   Code   RO         1512    .ARM.Collect$$libinit$$0000002C  c_w.l(libinit2.o)
    0x00000152   0x00000000   Code   RO         1514    .ARM.Collect$$libinit$$0000002E  c_w.l(libinit2.o)
    0x00000152   0x00000000   Code   RO         1516    .ARM.Collect$$libinit$$00000030  c_w.l(libinit2.o)
    0x00000152   0x00000000   Code   RO         1518    .ARM.Collect$$libinit$$00000032  c_w.l(libinit2.o)
    0x00000152   0x00000002   Code   RO         1519    .ARM.Collect$$libinit$$00000033  c_w.l(libinit2.o)
    0x00000154   0x00000002   Code   RO         1550    .ARM.Collect$$libshutdown$$00000000  c_w.l(libshutdown.o)
    0x00000156   0x00000000   Code   RO         1576    .ARM.Collect$$libshutdown$$00000002  c_w.l(libshutdown2.o)
    0x00000156   0x00000000   Code   RO         1578    .ARM.Collect$$libshutdown$$00000004  c_w.l(libshutdown2.o)
    0x00000156   0x00000000   Code   RO         1581    .ARM.Collect$$libshutdown$$00000007  c_w.l(libshutdown2.o)
    0x00000156   0x00000000   Code   RO         1584    .ARM.Collect$$libshutdown$$0000000A  c_w.l(libshutdown2.o)
    0x00000156   0x00000000   Code   RO         1586    .ARM.Collect$$libshutdown$$0000000C  c_w.l(libshutdown2.o)
    0x00000156   0x00000000   Code   RO         1589    .ARM.Collect$$libshutdown$$0000000F  c_w.l(libshutdown2.o)
    0x00000156   0x00000002   Code   RO         1590    .ARM.Collect$$libshutdown$$00000010  c_w.l(libshutdown2.o)
    0x00000158   0x00000000   Code   RO         1428    .ARM.Collect$$rtentry$$00000000  c_w.l(__rtentry.o)
    0x00000158   0x00000000   Code   RO         1434    .ARM.Collect$$rtentry$$00000002  c_w.l(__rtentry2.o)
    0x00000158   0x00000006   Code   RO         1446    .ARM.Collect$$rtentry$$00000004  c_w.l(__rtentry4.o)
    0x0000015e   0x00000000   Code   RO         1436    .ARM.Collect$$rtentry$$00000009  c_w.l(__rtentry2.o)
    0x0000015e   0x00000004   Code   RO         1437    .ARM.Collect$$rtentry$$0000000A  c_w.l(__rtentry2.o)
    0x00000162   0x00000000   Code   RO         1439    .ARM.Collect$$rtentry$$0000000C  c_w.l(__rtentry2.o)
    0x00000162   0x00000008   Code   RO         1440    .ARM.Collect$$rtentry$$0000000D  c_w.l(__rtentry2.o)
    0x0000016a   0x00000002   Code   RO         1467    .ARM.Collect$$rtexit$$00000000  c_w.l(rtexit.o)
    0x0000016c   0x00000000   Code   RO         1523    .ARM.Collect$$rtexit$$00000002  c_w.l(rtexit2.o)
    0x0000016c   0x00000004   Code   RO         1524    .ARM.Collect$$rtexit$$00000003  c_w.l(rtexit2.o)
    0x00000170   0x00000006   Code   RO         1525    .ARM.Collect$$rtexit$$00000004  c_w.l(rtexit2.o)
    0x00000176   0x00000002   PAD
    0x00000178   0x00000040   Code   RO         1330    .text               startup_efm32tg.o
    0x000001b8   0x00000064   Code   RO         1422    .text               c_w.l(rt_memcpy_w.o)
    0x0000021c   0x00000006   Code   RO         1424    .text               c_w.l(heapauxi.o)
    0x00000222   0x0000004a   Code   RO         1450    .text               c_w.l(sys_stackheap_outer.o)
    0x0000026c   0x00000012   Code   RO         1452    .text               c_w.l(exit.o)
    0x0000027e   0x00000002   PAD
    0x00000280   0x00000008   Code   RO         1464    .text               c_w.l(libspace.o)
    0x00000288   0x0000000c   Code   RO         1520    .text               c_w.l(sys_exit.o)
    0x00000294   0x00000002   Code   RO         1539    .text               c_w.l(use_no_semi.o)
    0x00000296   0x00000000   Code   RO         1541    .text               c_w.l(indicate_semi.o)
    0x00000296   0x00000014   Code   RO          545    i.BUS_RegBitRead    em_cmu.o
    0x000002aa   0x00000012   Code   RO          546    i.BUS_RegBitWrite   em_cmu.o
    0x000002bc   0x00000078   Code   RO          554    i.CMU_ClockEnable   em_cmu.o
    0x00000334   0x000000dc   Code   RO          555    i.CMU_ClockFreqGet  em_cmu.o
    0x00000410   0x000000e0   Code   RO          556    i.CMU_ClockSelectGet  em_cmu.o
    0x000004f0   0x00000150   Code   RO          557    i.CMU_ClockSelectSet  em_cmu.o
    0x00000640   0x00000094   Code   RO          561    i.CMU_HFRCOBandSet  em_cmu.o
    0x000006d4   0x0000007c   Code   RO          567    i.CMU_OscillatorEnable  em_cmu.o
    0x00000750   0x00000078   Code   RO          361    i.CMU_enter_DefaultMode_from_RESET  initdevice.o
    0x000007c8   0x00000094   Code   RO          773    i.DMA_IRQHandler    em_dma.o
    0x0000085c   0x00000018   Code   RO            4    i.Delay             main.o
    0x00000874   0x00000014   Code   RO          881    i.EMU_UpdateOscConfig  em_emu.o
    0x00000888   0x00000018   Code   RO            5    i.GPIO_PinOutClear  main.o
    0x000008a0   0x00000018   Code   RO            6    i.GPIO_PinOutSet    main.o
    0x000008b8   0x00000098   Code   RO            7    i.LEUART0_IRQHandler  main.o
    0x00000950   0x00000048   Code   RO          366    i.LEUART0_enter_DefaultMode_from_RESET  initdevice.o
    0x00000998   0x0000004c   Code   RO         1024    i.LEUART_BaudrateSet  em_leuart.o
    0x000009e4   0x00000016   Code   RO         1026    i.LEUART_FreezeEnable  em_leuart.o
    0x000009fa   0x00000046   Code   RO         1027    i.LEUART_Init       em_leuart.o
    0x00000a40   0x00000004   Code   RO            8    i.LEUART_IntClear   main.o
    0x00000a44   0x00000008   Code   RO            9    i.LEUART_IntEnable  main.o
    0x00000a4c   0x00000014   Code   RO         1029    i.LEUART_Rx         em_leuart.o
    0x00000a60   0x00000024   Code   RO         1030    i.LEUART_RxDmaInEM2Enable  em_leuart.o
    0x00000a84   0x00000018   Code   RO         1032    i.LEUART_Sync       em_leuart.o
    0x00000a9c   0x0000001e   Code   RO         1033    i.LEUART_Tx         em_leuart.o
    0x00000aba   0x00000024   Code   RO         1034    i.LEUART_TxDmaInEM2Enable  em_leuart.o
    0x00000ade   0x00000002   PAD
    0x00000ae0   0x0000001c   Code   RO          367    i.LFXO_enter_DefaultMode_from_RESET  initdevice.o
    0x00000afc   0x00000018   Code   RO           10    i.NVIC_ClearPendingIRQ  main.o
    0x00000b14   0x00000016   Code   RO           11    i.NVIC_EnableIRQ    main.o
    0x00000b2a   0x00000002   PAD
    0x00000b2c   0x00000180   Code   RO          372    i.PORTIO_enter_DefaultMode_from_RESET  initdevice.o
    0x00000cac   0x00000028   Code   RO           12    i.SysTick_Handler   main.o
    0x00000cd4   0x00000024   Code   RO         1337    i.SystemCoreClockGet  system_efm32tg.o
    0x00000cf8   0x000000cc   Code   RO         1338    i.SystemHFClockGet  system_efm32tg.o
    0x00000dc4   0x00000002   Code   RO         1341    i.SystemInit        system_efm32tg.o
    0x00000dc6   0x00000006   Code   RO         1342    i.SystemLFRCOClockGet  system_efm32tg.o
    0x00000dcc   0x0000000c   Code   RO         1343    i.SystemLFXOClockGet  system_efm32tg.o
    0x00000dd8   0x00000008   Code   RO         1345    i.SystemMaxCoreClockGet  system_efm32tg.o
    0x00000de0   0x00000006   Code   RO         1346    i.SystemULFRCOClockGet  system_efm32tg.o
    0x00000de6   0x00000002   PAD
    0x00000de8   0x00000124   Code   RO          375    i.TIMER0_enter_DefaultMode_from_RESET  initdevice.o
    0x00000f0c   0x0000008a   Code   RO         1153    i.TIMER_Init        em_timer.o
    0x00000f96   0x00000068   Code   RO         1154    i.TIMER_InitCC      em_timer.o
    0x00000ffe   0x00000002   PAD
    0x00001000   0x00000138   Code   RO           13    i.USART1_RX_IRQHandler  main.o
    0x00001138   0x00000044   Code   RO           14    i.USART1_TX_IRQHandler  main.o
    0x0000117c   0x00000064   Code   RO          378    i.USART1_enter_DefaultMode_from_RESET  initdevice.o
    0x000011e0   0x00000080   Code   RO         1189    i.USART_BaudrateAsyncSet  em_usart.o
    0x00001260   0x00000042   Code   RO         1194    i.USART_InitAsync   em_usart.o
    0x000012a2   0x00000028   Code   RO         1197    i.USART_InitPrsTrigger  em_usart.o
    0x000012ca   0x00000004   Code   RO           15    i.USART_IntClear    main.o
    0x000012ce   0x00000008   Code   RO           16    i.USART_IntEnable   main.o
    0x000012d6   0x00000002   PAD
    0x000012d8   0x00000044   Code   RO         1199    i.USART_Reset       em_usart.o
    0x0000131c   0x00000014   Code   RO         1200    i.USART_Rx          em_usart.o
    0x00001330   0x00000010   Code   RO         1205    i.USART_Tx          em_usart.o
    0x00001340   0x0000006c   Code   RO          572    i.auxClkGet         em_cmu.o
    0x000013ac   0x00000038   Code   RO          287    i.crc16             danfoss.o
    0x000013e4   0x00000030   Code   RO          573    i.dbgClkGet         em_cmu.o
    0x00001414   0x0000001c   Code   RO          381    i.enter_DefaultMode_from_RESET  initdevice.o
    0x00001430   0x00000078   Code   RO          574    i.flashWaitStateControl  em_cmu.o
    0x000014a8   0x0000000e   Code   RO          575    i.flashWaitStateMax  em_cmu.o
    0x000014b6   0x00000002   PAD
    0x000014b8   0x000000bc   Code   RO          576    i.lfClkGet          em_cmu.o
    0x00001574   0x000001b8   Code   RO           17    i.main              main.o
    0x0000172c   0x0000000c   Code   RO          288    i.read_danfoss      danfoss.o
    0x00001738   0x0000003c   Code   RO           18    i.send_char         main.o
    0x00001774   0x00000034   Code   RO           19    i.send_danfoss      main.o
    0x000017a8   0x00000084   Code   RO          289    i.set_frq_danfoss   danfoss.o
    0x0000182c   0x00000044   Code   RO          290    i.start_danfoss     danfoss.o
    0x00001870   0x00000044   Code   RO          291    i.stop_danfoss      danfoss.o
    0x000018b4   0x00000020   Code   RO          577    i.syncReg           em_cmu.o
    0x000018d4   0x0000005a   Code   RO          292    i.test_danfoss      danfoss.o
    0x0000192e   0x00000002   PAD
    0x00001930   0x00000035   Data   RO          382    .constdata          initdevice.o
    0x00001965   0x00000003   PAD
    0x00001968   0x00000020   Data   RO         1591    Region$$Table       anon$$obj.o


    Execution Region RW_IRAM1 (Base: 0x20000000, Size: 0x00000900, Max: 0x00001000, ABSOLUTE, COMPRESSED[0x0000013c])

    Base Addr    Size         Type   Attr      Idx    E Section Name        Object

    0x20000000   0x00000041   Data   RW           22    .data               main.o
    0x20000041   0x00000001   PAD
    0x20000042   0x00000208   Data   RW          293    .data               danfoss.o
    0x2000024a   0x00000002   PAD
    0x2000024c   0x00000004   Data   RW          884    .data               em_emu.o
    0x20000250   0x0000000c   Data   RW         1347    .data               system_efm32tg.o
    0x2000025c   0x00000044   Zero   RW           20    .bss                main.o
    0x200002a0   0x00000060   Zero   RW         1465    .bss                c_w.l(libspace.o)
    0x20000300   0x00000400   Zero   RW         1328    HEAP                startup_efm32tg.o
    0x20000700   0x00000200   Zero   RW         1327    STACK               startup_efm32tg.o


==============================================================================

Image component sizes


      Code (inc. data)   RO Data    RW Data    ZI Data      Debug   Object Name

       426         40          0        520          0       4978   danfoss.o
      1720        176          0          0          0      15329   em_cmu.o
       148          8          0          0          0       1297   em_dma.o
        20         10          0          4          0        638   em_emu.o
       314         10          0          0          0       5281   em_leuart.o
       242          0          0          0          0       1700   em_timer.o
       338         18          0          0          0       4334   em_usart.o
      1024         88         53          0          0      10163   initdevice.o
      1266        164          0         65         68     201071   main.o
        64         26        156          0       1536        864   startup_efm32tg.o
       274         68          0         12          0       4605   system_efm32tg.o

    ----------------------------------------------------------------------
      5850        608        244        604       1604     250260   Object Totals
         0          0         32          0          0          0   (incl. Generated)
        14          0          3          3          0          0   (incl. Padding)

    ----------------------------------------------------------------------

      Code (inc. data)   RO Data    RW Data    ZI Data      Debug   Library Member Name

        90          0          0          0          0          0   __dczerorl2.o
         8          0          0          0          0         68   __main.o
         0          0          0          0          0          0   __rtentry.o
        12          0          0          0          0          0   __rtentry2.o
         6          0          0          0          0          0   __rtentry4.o
        52          8          0          0          0          0   __scatter.o
        28          0          0          0          0          0   __scatter_zi.o
        18          0          0          0          0         80   exit.o
         6          0          0          0          0        152   heapauxi.o
         0          0          0          0          0          0   indicate_semi.o
         2          0          0          0          0          0   libinit.o
         2          0          0          0          0          0   libinit2.o
         2          0          0          0          0          0   libshutdown.o
         2          0          0          0          0          0   libshutdown2.o
         8          4          0          0         96         68   libspace.o
       100          0          0          0          0         80   rt_memcpy_w.o
         2          0          0          0          0          0   rtexit.o
        10          0          0          0          0          0   rtexit2.o
        12          4          0          0          0         68   sys_exit.o
        74          0          0          0          0         80   sys_stackheap_outer.o
         2          0          0          0          0         68   use_no_semi.o

    ----------------------------------------------------------------------
       442         16          0          0         96        664   Library Totals
         6          0          0          0          0          0   (incl. Padding)

    ----------------------------------------------------------------------

      Code (inc. data)   RO Data    RW Data    ZI Data      Debug   Library Name

       436         16          0          0         96        664   c_w.l

    ----------------------------------------------------------------------
       442         16          0          0         96        664   Library Totals

    ----------------------------------------------------------------------

==============================================================================


      Code (inc. data)   RO Data    RW Data    ZI Data      Debug   

      6292        624        244        604       1700     247436   Grand Totals
      6292        624        244        316       1700     247436   ELF Image Totals (compressed)
      6292        624        244        316          0          0   ROM Totals

==============================================================================

    Total RO  Size (Code + RO Data)                 6536 (   6.38kB)
    Total RW  Size (RW Data + ZI Data)              2304 (   2.25kB)
    Total ROM Size (Code + RO Data + RW Data)       6852 (   6.69kB)

==============================================================================

